Archive member included to satisfy reference by file (symbol)

c:/st/stm32cubeide_1.4.0/stm32cubeide/plugins/com.st.stm32cube.ide.mcu.externaltools.gnu-tools-for-stm32.7-2018-q2-update.win32_1.4.0.202007081208/tools/bin/../lib/gcc/arm-none-eabi/7.3.1/../../../../arm-none-eabi/lib/thumb/v7-m\libc_nano.a(lib_a-errno.o)
                              Src/syscalls.o (__errno)
c:/st/stm32cubeide_1.4.0/stm32cubeide/plugins/com.st.stm32cube.ide.mcu.externaltools.gnu-tools-for-stm32.7-2018-q2-update.win32_1.4.0.202007081208/tools/bin/../lib/gcc/arm-none-eabi/7.3.1/../../../../arm-none-eabi/lib/thumb/v7-m\libc_nano.a(lib_a-exit.o)
                              c:/st/stm32cubeide_1.4.0/stm32cubeide/plugins/com.st.stm32cube.ide.mcu.externaltools.gnu-tools-for-stm32.7-2018-q2-update.win32_1.4.0.202007081208/tools/bin/../lib/gcc/arm-none-eabi/7.3.1/../../../../arm-none-eabi/lib/thumb/v7-m/crt0.o (exit)
c:/st/stm32cubeide_1.4.0/stm32cubeide/plugins/com.st.stm32cube.ide.mcu.externaltools.gnu-tools-for-stm32.7-2018-q2-update.win32_1.4.0.202007081208/tools/bin/../lib/gcc/arm-none-eabi/7.3.1/../../../../arm-none-eabi/lib/thumb/v7-m\libc_nano.a(lib_a-impure.o)
                              c:/st/stm32cubeide_1.4.0/stm32cubeide/plugins/com.st.stm32cube.ide.mcu.externaltools.gnu-tools-for-stm32.7-2018-q2-update.win32_1.4.0.202007081208/tools/bin/../lib/gcc/arm-none-eabi/7.3.1/../../../../arm-none-eabi/lib/thumb/v7-m\libc_nano.a(lib_a-exit.o) (_global_impure_ptr)
c:/st/stm32cubeide_1.4.0/stm32cubeide/plugins/com.st.stm32cube.ide.mcu.externaltools.gnu-tools-for-stm32.7-2018-q2-update.win32_1.4.0.202007081208/tools/bin/../lib/gcc/arm-none-eabi/7.3.1/../../../../arm-none-eabi/lib/thumb/v7-m\libc_nano.a(lib_a-init.o)
                              c:/st/stm32cubeide_1.4.0/stm32cubeide/plugins/com.st.stm32cube.ide.mcu.externaltools.gnu-tools-for-stm32.7-2018-q2-update.win32_1.4.0.202007081208/tools/bin/../lib/gcc/arm-none-eabi/7.3.1/../../../../arm-none-eabi/lib/thumb/v7-m/crt0.o (__libc_init_array)
c:/st/stm32cubeide_1.4.0/stm32cubeide/plugins/com.st.stm32cube.ide.mcu.externaltools.gnu-tools-for-stm32.7-2018-q2-update.win32_1.4.0.202007081208/tools/bin/../lib/gcc/arm-none-eabi/7.3.1/../../../../arm-none-eabi/lib/thumb/v7-m\libc_nano.a(lib_a-memset.o)
                              c:/st/stm32cubeide_1.4.0/stm32cubeide/plugins/com.st.stm32cube.ide.mcu.externaltools.gnu-tools-for-stm32.7-2018-q2-update.win32_1.4.0.202007081208/tools/bin/../lib/gcc/arm-none-eabi/7.3.1/../../../../arm-none-eabi/lib/thumb/v7-m/crt0.o (memset)

Allocating common symbols
Common symbol       size              file

Global_SPI_Config2  0x18              MCAL/SPI_DRIVER/STM32_F103C6_SPI_Driver.o
STATE               0x1               Src/main.o
Global_SPI_Config1  0x18              MCAL/SPI_DRIVER/STM32_F103C6_SPI_Driver.o
ch1                 0x1               Src/main.o
ch                  0x1               Src/main.o

Discarded input sections

 .text          0x0000000000000000        0x0 c:/st/stm32cubeide_1.4.0/stm32cubeide/plugins/com.st.stm32cube.ide.mcu.externaltools.gnu-tools-for-stm32.7-2018-q2-update.win32_1.4.0.202007081208/tools/bin/../lib/gcc/arm-none-eabi/7.3.1/thumb/v7-m/crti.o
 .data          0x0000000000000000        0x0 c:/st/stm32cubeide_1.4.0/stm32cubeide/plugins/com.st.stm32cube.ide.mcu.externaltools.gnu-tools-for-stm32.7-2018-q2-update.win32_1.4.0.202007081208/tools/bin/../lib/gcc/arm-none-eabi/7.3.1/thumb/v7-m/crti.o
 .bss           0x0000000000000000        0x0 c:/st/stm32cubeide_1.4.0/stm32cubeide/plugins/com.st.stm32cube.ide.mcu.externaltools.gnu-tools-for-stm32.7-2018-q2-update.win32_1.4.0.202007081208/tools/bin/../lib/gcc/arm-none-eabi/7.3.1/thumb/v7-m/crti.o
 .data          0x0000000000000000        0x4 c:/st/stm32cubeide_1.4.0/stm32cubeide/plugins/com.st.stm32cube.ide.mcu.externaltools.gnu-tools-for-stm32.7-2018-q2-update.win32_1.4.0.202007081208/tools/bin/../lib/gcc/arm-none-eabi/7.3.1/thumb/v7-m/crtbegin.o
 .text          0x0000000000000000       0x74 c:/st/stm32cubeide_1.4.0/stm32cubeide/plugins/com.st.stm32cube.ide.mcu.externaltools.gnu-tools-for-stm32.7-2018-q2-update.win32_1.4.0.202007081208/tools/bin/../lib/gcc/arm-none-eabi/7.3.1/../../../../arm-none-eabi/lib/thumb/v7-m/crt0.o
 .data          0x0000000000000000        0x0 c:/st/stm32cubeide_1.4.0/stm32cubeide/plugins/com.st.stm32cube.ide.mcu.externaltools.gnu-tools-for-stm32.7-2018-q2-update.win32_1.4.0.202007081208/tools/bin/../lib/gcc/arm-none-eabi/7.3.1/../../../../arm-none-eabi/lib/thumb/v7-m/crt0.o
 .bss           0x0000000000000000        0x0 c:/st/stm32cubeide_1.4.0/stm32cubeide/plugins/com.st.stm32cube.ide.mcu.externaltools.gnu-tools-for-stm32.7-2018-q2-update.win32_1.4.0.202007081208/tools/bin/../lib/gcc/arm-none-eabi/7.3.1/../../../../arm-none-eabi/lib/thumb/v7-m/crt0.o
[...]
Memory Configuration

Name             Origin             Length             Attributes
RAM              0x0000000020000000 0x0000000000005000 xrw
ROM              0x0000000008000000 0x0000000000010000 xr
*default*        0x0000000000000000 0xffffffffffffffff

Linker script and memory map

LOAD c:/st/stm32cubeide_1.4.0/stm32cubeide/plugins/com.st.stm32cube.ide.mcu.externaltools.gnu-tools-for-stm32.7-2018-q2-update.win32_1.4.0.202007081208/tools/bin/../lib/gcc/arm-none-eabi/7.3.1/thumb/v7-m/crti.o
LOAD c:/st/stm32cubeide_1.4.0/stm32cubeide/plugins/com.st.stm32cube.ide.mcu.externaltools.gnu-tools-for-stm32.7-2018-q2-update.win32_1.4.0.202007081208/tools/bin/../lib/gcc/arm-none-eabi/7.3.1/thumb/v7-m/crtbegin.o
LOAD c:/st/stm32cubeide_1.4.0/stm32cubeide/plugins/com.st.stm32cube.ide.mcu.externaltools.gnu-tools-for-stm32.7-2018-q2-update.win32_1.4.0.202007081208/tools/bin/../lib/gcc/arm-none-eabi/7.3.1/../../../../arm-none-eabi/lib/thumb/v7-m/crt0.o
LOAD HAL/PB/PB_config.o
LOAD HAL/PB/PB_program.o
LOAD MCAL/GPIO/STM32_F103C6_GPIO_Driver.o
LOAD MCAL/RCC_DRIVER/STM32_F103C6_RCC_Driver.o
LOAD MCAL/SPI_DRIVER/STM32_F103C6_SPI_Config.o
LOAD MCAL/SPI_DRIVER/STM32_F103C6_SPI_Driver.o
LOAD MCAL/SYSTICK_DRIVER/STM32_F103C6_SYSTICK_Config.o
LOAD MCAL/SYSTICK_DRIVER/STM32_F103C6_SYSTICK_DRIVER.o
LOAD MCAL/TIMER_DRIVER/Timer.o
LOAD MCAL/USART_DRIVER/STM32_F103C6_USART_Config.o
LOAD MCAL/USART_DRIVER/STM32_F103C6_USART_Driver.o
LOAD OS/KERNEL_programe.o
LOAD Src/main.o
LOAD Src/syscalls.o
LOAD Src/sysmem.o
LOAD Startup/startup_stm32f103c8tx.o
START GROUP
LOAD c:/st/stm32cubeide_1.4.0/stm32cubeide/plugins/com.st.stm32cube.ide.mcu.externaltools.gnu-tools-for-stm32.7-2018-q2-update.win32_1.4.0.202007081208/tools/bin/../lib/gcc/arm-none-eabi/7.3.1/../../../../arm-none-eabi/lib/thumb/v7-m\libc_nano.a
LOAD c:/st/stm32cubeide_1.4.0/stm32cubeide/plugins/com.st.stm32cube.ide.mcu.externaltools.gnu-tools-for-stm32.7-2018-q2-update.win32_1.4.0.202007081208/tools/bin/../lib/gcc/arm-none-eabi/7.3.1/../../../../arm-none-eabi/lib/thumb/v7-m\libm.a
END GROUP
START GROUP
LOAD c:/st/stm32cubeide_1.4.0/stm32cubeide/plugins/com.st.stm32cube.ide.mcu.externaltools.gnu-tools-for-stm32.7-2018-q2-update.win32_1.4.0.202007081208/tools/bin/../lib/gcc/arm-none-eabi/7.3.1/thumb/v7-m\libgcc.a
LOAD c:/st/stm32cubeide_1.4.0/stm32cubeide/plugins/com.st.stm32cube.ide.mcu.externaltools.gnu-tools-for-stm32.7-2018-q2-update.win32_1.4.0.202007081208/tools/bin/../lib/gcc/arm-none-eabi/7.3.1/../../../../arm-none-eabi/lib/thumb/v7-m\libg_nano.a
LOAD c:/st/stm32cubeide_1.4.0/stm32cubeide/plugins/com.st.stm32cube.ide.mcu.externaltools.gnu-tools-for-stm32.7-2018-q2-update.win32_1.4.0.202007081208/tools/bin/../lib/gcc/arm-none-eabi/7.3.1/../../../../arm-none-eabi/lib/thumb/v7-m\libc_nano.a
END GROUP
START GROUP
LOAD c:/st/stm32cubeide_1.4.0/stm32cubeide/plugins/com.st.stm32cube.ide.mcu.externaltools.gnu-tools-for-stm32.7-2018-q2-update.win32_1.4.0.202007081208/tools/bin/../lib/gcc/arm-none-eabi/7.3.1/thumb/v7-m\libgcc.a
LOAD c:/st/stm32cubeide_1.4.0/stm32cubeide/plugins/com.st.stm32cube.ide.mcu.externaltools.gnu-tools-for-stm32.7-2018-q2-update.win32_1.4.0.202007081208/tools/bin/../lib/gcc/arm-none-eabi/7.3.1/../../../../arm-none-eabi/lib/thumb/v7-m\libc_nano.a
LOAD c:/st/stm32cubeide_1.4.0/stm32cubeide/plugins/com.st.stm32cube.ide.mcu.externaltools.gnu-tools-for-stm32.7-2018-q2-update.win32_1.4.0.202007081208/tools/bin/../lib/gcc/arm-none-eabi/7.3.1/../../../../arm-none-eabi/lib/thumb/v7-m\libnosys.a
END GROUP
START GROUP
LOAD c:/st/stm32cubeide_1.4.0/stm32cubeide/plugins/com.st.stm32cube.ide.mcu.externaltools.gnu-tools-for-stm32.7-2018-q2-update.win32_1.4.0.202007081208/tools/bin/../lib/gcc/arm-none-eabi/7.3.1/thumb/v7-m\libgcc.a
LOAD c:/st/stm32cubeide_1.4.0/stm32cubeide/plugins/com.st.stm32cube.ide.mcu.externaltools.gnu-tools-for-stm32.7-2018-q2-update.win32_1.4.0.202007081208/tools/bin/../lib/gcc/arm-none-eabi/7.3.1/../../../../arm-none-eabi/lib/thumb/v7-m\libc_nano.a
LOAD c:/st/stm32cubeide_1.4.0/stm32cubeide/plugins/com.st.stm32cube.ide.mcu.externaltools.gnu-tools-for-stm32.7-2018-q2-update.win32_1.4.0.202007081208/tools/bin/../lib/gcc/arm-none-eabi/7.3.1/../../../../arm-none-eabi/lib/thumb/v7-m\libnosys.a
END GROUP
LOAD c:/st/stm32cubeide_1.4.0/stm32cubeide/plugins/com.st.stm32cube.ide.mcu.externaltools.gnu-tools-for-stm32.7-2018-q2-update.win32_1.4.0.202007081208/tools/bin/../lib/gcc/arm-none-eabi/7.3.1/thumb/v7-m/crtend.o
LOAD c:/st/stm32cubeide_1.4.0/stm32cubeide/plugins/com.st.stm32cube.ide.mcu.externaltools.gnu-tools-for-stm32.7-2018-q2-update.win32_1.4.0.202007081208/tools/bin/../lib/gcc/arm-none-eabi/7.3.1/thumb/v7-m/crtn.o
                0x0000000020005000                _estack = (ORIGIN (RAM) + LENGTH (RAM))
                0x0000000000000200                _Min_Heap_Size = 0x200
                0x0000000000000400                _Min_Stack_Size = 0x400

.isr_vector     0x0000000008000000      0x130
                0x0000000008000000                . = ALIGN (0x4)
 *(.isr_vector)
 .isr_vector    0x0000000008000000      0x130 Startup/startup_stm32f103c8tx.o
                0x0000000008000000                g_pfnVectors
                0x0000000008000130                . = ALIGN (0x4)

.text           0x0000000008000130     0x11a0
                0x0000000008000130                . = ALIGN (0x4)
 *(.text)
 .text          0x0000000008000130       0x40 c:/st/stm32cubeide_1.4.0/stm32cubeide/plugins/com.st.stm32cube.ide.mcu.externaltools.gnu-tools-for-stm32.7-2018-q2-update.win32_1.4.0.202007081208/tools/bin/../lib/gcc/arm-none-eabi/7.3.1/thumb/v7-m/crtbegin.o
 *(.text*)
 .text.Get_CRLH_Position
                0x0000000008000170       0xc6 MCAL/GPIO/STM32_F103C6_GPIO_Driver.o
                0x0000000008000170                Get_CRLH_Position
 .text.MCAL_GPIO_Init
                0x0000000008000236      0x11a MCAL/GPIO/STM32_F103C6_GPIO_Driver.o
                0x0000000008000236                MCAL_GPIO_Init
 .text.MCAL_GPIO_WritePin
                0x0000000008000350       0x2e MCAL/GPIO/STM32_F103C6_GPIO_Driver.o
                0x0000000008000350                MCAL_GPIO_WritePin
 .text.MCAL_GPIO_TogglePin
                0x000000000800037e       0x22 MCAL/GPIO/STM32_F103C6_GPIO_Driver.o
                0x000000000800037e                MCAL_GPIO_TogglePin
 .text.MCAL_RCC_GetSYS_CLCKFreq
                0x00000000080003a0       0x3c MCAL/RCC_DRIVER/STM32_F103C6_RCC_Driver.o
                0x00000000080003a0                MCAL_RCC_GetSYS_CLCKFreq
 .text.MCAL_RCC_GetHCLKFreq
                0x00000000080003dc       0x28 MCAL/RCC_DRIVER/STM32_F103C6_RCC_Driver.o
                0x00000000080003dc                MCAL_RCC_GetHCLKFreq
 .text.MCAL_RCC_GetPCLK1Freq
                0x0000000008000404       0x28 MCAL/RCC_DRIVER/STM32_F103C6_RCC_Driver.o
                0x0000000008000404                MCAL_RCC_GetPCLK1Freq
 .text.MCAL_RCC_GetPCLK2Freq
                0x000000000800042c       0x28 MCAL/RCC_DRIVER/STM32_F103C6_RCC_Driver.o
                0x000000000800042c                MCAL_RCC_GetPCLK2Freq
 .text.MCAL_SPI_Init
                0x0000000008000454      0x158 MCAL/SPI_DRIVER/STM32_F103C6_SPI_Driver.o
                0x0000000008000454                MCAL_SPI_Init
 .text.MCAL_SPI_ReceiveData
                0x00000000080005ac       0x80 MCAL/SPI_DRIVER/STM32_F103C6_SPI_Driver.o
                0x00000000080005ac                MCAL_SPI_ReceiveData
 .text.MCAL_SPI_GPIO_Set_Pins
                0x000000000800062c      0x1ec MCAL/SPI_DRIVER/STM32_F103C6_SPI_Driver.o
                0x000000000800062c                MCAL_SPI_GPIO_Set_Pins
 .text.SPI1_IRQHandler
                0x0000000008000818       0x5c MCAL/SPI_DRIVER/STM32_F103C6_SPI_Driver.o
                0x0000000008000818                SPI1_IRQHandler
 .text.SPI2_IRQHandler
                0x0000000008000874       0x5c MCAL/SPI_DRIVER/STM32_F103C6_SPI_Driver.o
                0x0000000008000874                SPI2_IRQHandler
 .text.MCAL_SYSTICK_Init
                0x00000000080008d0       0x8c MCAL/SYSTICK_DRIVER/STM32_F103C6_SYSTICK_DRIVER.o
                0x00000000080008d0                MCAL_SYSTICK_Init
 .text.MCAL_SYSTICK_disable
                0x000000000800095c       0x24 MCAL/SYSTICK_DRIVER/STM32_F103C6_SYSTICK_DRIVER.o
                0x000000000800095c                MCAL_SYSTICK_disable
 .text.MCAL_SYSTICK_delay_ms
                0x0000000008000980       0x64 MCAL/SYSTICK_DRIVER/STM32_F103C6_SYSTICK_DRIVER.o
                0x0000000008000980                MCAL_SYSTICK_delay_ms
 .text.SysTick_Handler
                0x00000000080009e4       0x14 MCAL/SYSTICK_DRIVER/STM32_F103C6_SYSTICK_DRIVER.o
                0x00000000080009e4                SysTick_Handler
 .text.Timer2_init
                0x00000000080009f8       0x50 MCAL/TIMER_DRIVER/Timer.o
                0x00000000080009f8                Timer2_init
 .text.dus      0x0000000008000a48       0x28 MCAL/TIMER_DRIVER/Timer.o
                0x0000000008000a48                dus
 .text.dms      0x0000000008000a70       0x30 MCAL/TIMER_DRIVER/Timer.o
                0x0000000008000a70                dms
 .text.MCAL_UART_Init
                0x0000000008000aa0      0x1bc MCAL/USART_DRIVER/STM32_F103C6_USART_Driver.o
                0x0000000008000aa0                MCAL_UART_Init
 .text.MCAL_UART_SendData
                0x0000000008000c5c       0x74 MCAL/USART_DRIVER/STM32_F103C6_USART_Driver.o
                0x0000000008000c5c                MCAL_UART_SendData
 .text.MCAL_UART_GPIO_Set_Pins
                0x0000000008000cd0       0xcc MCAL/USART_DRIVER/STM32_F103C6_USART_Driver.o
                0x0000000008000cd0                MCAL_UART_GPIO_Set_Pins
 .text.USART1_IRQHandler
                0x0000000008000d9c       0x14 MCAL/USART_DRIVER/STM32_F103C6_USART_Driver.o
                0x0000000008000d9c                USART1_IRQHandler
 .text.USART2_IRQHandler
                0x0000000008000db0       0x14 MCAL/USART_DRIVER/STM32_F103C6_USART_Driver.o
                0x0000000008000db0                USART2_IRQHandler
 .text.USART3_IRQHandler
                0x0000000008000dc4       0x14 MCAL/USART_DRIVER/STM32_F103C6_USART_Driver.o
                0x0000000008000dc4                USART3_IRQHandler
 .text.RTOS_start
                0x0000000008000dd8        0xe OS/KERNEL_programe.o
                0x0000000008000dd8                RTOS_start
 *fill*         0x0000000008000de6        0x2 
 .text.RTOS_createTask
                0x0000000008000de8       0x4c OS/KERNEL_programe.o
                0x0000000008000de8                RTOS_createTask
 .text.RTOS_scheduler
                0x0000000008000e34       0x7c OS/KERNEL_programe.o
                0x0000000008000e34                RTOS_scheduler
 .text.main     0x0000000008000eb0       0x2c Src/main.o
                0x0000000008000eb0                main
 .text.LEDS_Proccess
                0x0000000008000edc      0x120 Src/main.o
                0x0000000008000edc                LEDS_Proccess
 .text.Init     0x0000000008000ffc      0x154 Src/main.o
                0x0000000008000ffc                Init
 .text.SPIReceive
                0x0000000008001150       0xcc Src/main.o
                0x0000000008001150                SPIReceive
 .text.Reset_Handler
                0x000000000800121c       0x50 Startup/startup_stm32f103c8tx.o
                0x000000000800121c                Reset_Handler
 .text.Default_Handler
                0x000000000800126c        0x2 Startup/startup_stm32f103c8tx.o
                0x000000000800126c                EXTI2_IRQHandler
                0x000000000800126c                TIM8_TRG_COM_IRQHandler
                0x000000000800126c                TIM8_CC_IRQHandler
                0x000000000800126c                DebugMon_Handler
                0x000000000800126c                TIM1_CC_IRQHandler
                0x000000000800126c                HardFault_Handler
                0x000000000800126c                TIM6_IRQHandler
                0x000000000800126c                PVD_IRQHandler
                0x000000000800126c                SDIO_IRQHandler
                0x000000000800126c                PendSV_Handler
                0x000000000800126c                NMI_Handler
                0x000000000800126c                EXTI3_IRQHandler
                0x000000000800126c                USB_HP_CAN_TX_IRQHandler
                0x000000000800126c                EXTI0_IRQHandler
                0x000000000800126c                I2C2_EV_IRQHandler
                0x000000000800126c                UsageFault_Handler
                0x000000000800126c                ADC1_2_IRQHandler
                0x000000000800126c                CAN_SCE_IRQHandler
                0x000000000800126c                TAMPER_IRQHandler
                0x000000000800126c                TIM8_UP_IRQHandler
                0x000000000800126c                DMA2_Channel2_IRQHandler
                0x000000000800126c                DMA1_Channel4_IRQHandler
                0x000000000800126c                RTC_IRQHandler
                0x000000000800126c                DMA1_Channel7_IRQHandler
                0x000000000800126c                UART5_IRQHandler
                0x000000000800126c                ADC3_IRQHandler
                0x000000000800126c                TIM4_IRQHandler
                0x000000000800126c                CAN_RX1_IRQHandler
                0x000000000800126c                DMA2_Channel1_IRQHandler
                0x000000000800126c                I2C1_EV_IRQHandler
                0x000000000800126c                DMA1_Channel6_IRQHandler
                0x000000000800126c                UART4_IRQHandler
                0x000000000800126c                TIM3_IRQHandler
                0x000000000800126c                RCC_IRQHandler
                0x000000000800126c                TIM1_TRG_COM_IRQHandler
                0x000000000800126c                DMA1_Channel1_IRQHandler
                0x000000000800126c                Default_Handler
                0x000000000800126c                EXTI15_10_IRQHandler
                0x000000000800126c                TIM7_IRQHandler
                0x000000000800126c                TIM5_IRQHandler
                0x000000000800126c                EXTI9_5_IRQHandler
                0x000000000800126c                USB_LP_CAN_RX0_IRQHandler
                0x000000000800126c                MemManage_Handler
                0x000000000800126c                SVC_Handler
                0x000000000800126c                DMA1_Channel5_IRQHandler
                0x000000000800126c                EXTI4_IRQHandler
                0x000000000800126c                DMA1_Channel3_IRQHandler
                0x000000000800126c                FSMC_IRQHandler
                0x000000000800126c                TIM1_UP_IRQHandler
                0x000000000800126c                WWDG_IRQHandler
                0x000000000800126c                TIM2_IRQHandler
                0x000000000800126c                TIM1_BRK_IRQHandler
                0x000000000800126c                EXTI1_IRQHandler
                0x000000000800126c                RTCAlarm_IRQHandler
                0x000000000800126c                DMA2_Channel4_5_IRQHandler
                0x000000000800126c                I2C2_ER_IRQHandler
                0x000000000800126c                DMA1_Channel2_IRQHandler
                0x000000000800126c                TIM8_BRK_IRQHandler
                0x000000000800126c                FLASH_IRQHandler
                0x000000000800126c                BusFault_Handler
                0x000000000800126c                SPI3_IRQHandler
                0x000000000800126c                I2C1_ER_IRQHandler
                0x000000000800126c                DMA2_Channel3_IRQHandler
 *fill*         0x000000000800126e        0x2 
 .text.__libc_init_array
                0x0000000008001270       0x48 c:/st/stm32cubeide_1.4.0/stm32cubeide/plugins/com.st.stm32cube.ide.mcu.externaltools.gnu-tools-for-stm32.7-2018-q2-update.win32_1.4.0.202007081208/tools/bin/../lib/gcc/arm-none-eabi/7.3.1/../../../../arm-none-eabi/lib/thumb/v7-m\libc_nano.a(lib_a-init.o)
                0x0000000008001270                __libc_init_array
 *(.glue_7)
 .glue_7        0x00000000080012b8        0x0 linker stubs
 *(.glue_7t)
 .glue_7t       0x00000000080012b8        0x0 linker stubs
 *(.eh_frame)
 .eh_frame      0x00000000080012b8        0x0 c:/st/stm32cubeide_1.4.0/stm32cubeide/plugins/com.st.stm32cube.ide.mcu.externaltools.gnu-tools-for-stm32.7-2018-q2-update.win32_1.4.0.202007081208/tools/bin/../lib/gcc/arm-none-eabi/7.3.1/thumb/v7-m/crtbegin.o
 *(.init)
 .init          0x00000000080012b8        0x4 c:/st/stm32cubeide_1.4.0/stm32cubeide/plugins/com.st.stm32cube.ide.mcu.externaltools.gnu-tools-for-stm32.7-2018-q2-update.win32_1.4.0.202007081208/tools/bin/../lib/gcc/arm-none-eabi/7.3.1/thumb/v7-m/crti.o
                0x00000000080012b8                _init
 .init          0x00000000080012bc        0x8 c:/st/stm32cubeide_1.4.0/stm32cubeide/plugins/com.st.stm32cube.ide.mcu.externaltools.gnu-tools-for-stm32.7-2018-q2-update.win32_1.4.0.202007081208/tools/bin/../lib/gcc/arm-none-eabi/7.3.1/thumb/v7-m/crtn.o
 *(.fini)
 .fini          0x00000000080012c4        0x4 c:/st/stm32cubeide_1.4.0/stm32cubeide/plugins/com.st.stm32cube.ide.mcu.externaltools.gnu-tools-for-stm32.7-2018-q2-update.win32_1.4.0.202007081208/tools/bin/../lib/gcc/arm-none-eabi/7.3.1/thumb/v7-m/crti.o
                0x00000000080012c4                _fini
 .fini          0x00000000080012c8        0x8 c:/st/stm32cubeide_1.4.0/stm32cubeide/plugins/com.st.stm32cube.ide.mcu.externaltools.gnu-tools-for-stm32.7-2018-q2-update.win32_1.4.0.202007081208/tools/bin/../lib/gcc/arm-none-eabi/7.3.1/thumb/v7-m/crtn.o
                0x00000000080012d0                . = ALIGN (0x4)
                0x00000000080012d0                _etext = .

.vfp11_veneer   0x00000000080012d0        0x0
 .vfp11_veneer  0x00000000080012d0        0x0 linker stubs

.v4_bx          0x00000000080012d0        0x0
 .v4_bx         0x00000000080012d0        0x0 linker stubs

.iplt           0x00000000080012d0        0x0
 .iplt          0x00000000080012d0        0x0 c:/st/stm32cubeide_1.4.0/stm32cubeide/plugins/com.st.stm32cube.ide.mcu.externaltools.gnu-tools-for-stm32.7-2018-q2-update.win32_1.4.0.202007081208/tools/bin/../lib/gcc/arm-none-eabi/7.3.1/thumb/v7-m/crtbegin.o

.rodata         0x00000000080012d0       0x18
                0x00000000080012d0                . = ALIGN (0x4)
 *(.rodata)
 *(.rodata*)
 .rodata.APBPrescTable
                0x00000000080012d0        0x8 MCAL/RCC_DRIVER/STM32_F103C6_RCC_Driver.o
                0x00000000080012d0                APBPrescTable
 .rodata.AHBPrescTable
                0x00000000080012d8       0x10 MCAL/RCC_DRIVER/STM32_F103C6_RCC_Driver.o
                0x00000000080012d8                AHBPrescTable
                0x00000000080012e8                . = ALIGN (0x4)

.rel.dyn        0x00000000080012e8        0x0
 .rel.iplt      0x00000000080012e8        0x0 c:/st/stm32cubeide_1.4.0/stm32cubeide/plugins/com.st.stm32cube.ide.mcu.externaltools.gnu-tools-for-stm32.7-2018-q2-update.win32_1.4.0.202007081208/tools/bin/../lib/gcc/arm-none-eabi/7.3.1/thumb/v7-m/crtbegin.o

.ARM.extab      0x00000000080012e8        0x0
                0x00000000080012e8                . = ALIGN (0x4)
 *(.ARM.extab* .gnu.linkonce.armextab.*)
                0x00000000080012e8                . = ALIGN (0x4)

.ARM            0x00000000080012e8        0x0
                0x00000000080012e8                . = ALIGN (0x4)
                0x00000000080012e8                __exidx_start = .
 *(.ARM.exidx*)
                0x00000000080012e8                __exidx_end = .
                0x00000000080012e8                . = ALIGN (0x4)

.preinit_array  0x00000000080012e8        0x0
                0x00000000080012e8                . = ALIGN (0x4)
                0x00000000080012e8                PROVIDE (__preinit_array_start = .)
 *(.preinit_array*)
                0x00000000080012e8                PROVIDE (__preinit_array_end = .)
                0x00000000080012e8                . = ALIGN (0x4)

.init_array     0x00000000080012e8        0x4
                0x00000000080012e8                . = ALIGN (0x4)
                0x00000000080012e8                PROVIDE (__init_array_start = .)
 *(SORT_BY_NAME(.init_array.*))
 *(.init_array*)
 .init_array    0x00000000080012e8        0x4 c:/st/stm32cubeide_1.4.0/stm32cubeide/plugins/com.st.stm32cube.ide.mcu.externaltools.gnu-tools-for-stm32.7-2018-q2-update.win32_1.4.0.202007081208/tools/bin/../lib/gcc/arm-none-eabi/7.3.1/thumb/v7-m/crtbegin.o
                0x00000000080012ec                PROVIDE (__init_array_end = .)
                0x00000000080012ec                . = ALIGN (0x4)

.fini_array     0x00000000080012ec        0x4
                0x00000000080012ec                . = ALIGN (0x4)
                [!provide]                        PROVIDE (__fini_array_start = .)
 *(SORT_BY_NAME(.fini_array.*))
 *(.fini_array*)
 .fini_array    0x00000000080012ec        0x4 c:/st/stm32cubeide_1.4.0/stm32cubeide/plugins/com.st.stm32cube.ide.mcu.externaltools.gnu-tools-for-stm32.7-2018-q2-update.win32_1.4.0.202007081208/tools/bin/../lib/gcc/arm-none-eabi/7.3.1/thumb/v7-m/crtbegin.o
                [!provide]                        PROVIDE (__fini_array_end = .)
                0x00000000080012f0                . = ALIGN (0x4)
                0x00000000080012f0                _sidata = LOADADDR (.data)

.data           0x0000000020000000        0xc load address 0x00000000080012f0
                0x0000000020000000                . = ALIGN (0x4)
                0x0000000020000000                _sdata = .
 *(.data)
 *(.data*)
 .data.SystickConfig
                0x0000000020000000        0x8 MCAL/SYSTICK_DRIVER/STM32_F103C6_SYSTICK_Config.o
                0x0000000020000000                SystickConfig
 .data.systick_clk
                0x0000000020000008        0x1 MCAL/SYSTICK_DRIVER/STM32_F103C6_SYSTICK_DRIVER.o
                0x000000002000000c                . = ALIGN (0x4)
 *fill*         0x0000000020000009        0x3 
                0x000000002000000c                _edata = .

.igot.plt       0x000000002000000c        0x0 load address 0x00000000080012fc
 .igot.plt      0x000000002000000c        0x0 c:/st/stm32cubeide_1.4.0/stm32cubeide/plugins/com.st.stm32cube.ide.mcu.externaltools.gnu-tools-for-stm32.7-2018-q2-update.win32_1.4.0.202007081208/tools/bin/../lib/gcc/arm-none-eabi/7.3.1/thumb/v7-m/crtbegin.o
                0x000000002000000c                . = ALIGN (0x4)

.bss            0x000000002000000c       0x84 load address 0x00000000080012fc
                0x000000002000000c                _sbss = .
                0x000000002000000c                __bss_start__ = _sbss
 *(.bss)
 .bss           0x000000002000000c       0x1c c:/st/stm32cubeide_1.4.0/stm32cubeide/plugins/com.st.stm32cube.ide.mcu.externaltools.gnu-tools-for-stm32.7-2018-q2-update.win32_1.4.0.202007081208/tools/bin/../lib/gcc/arm-none-eabi/7.3.1/thumb/v7-m/crtbegin.o
 *(.bss*)
 .bss.Global_SPI_Config
                0x0000000020000028        0x8 MCAL/SPI_DRIVER/STM32_F103C6_SPI_Driver.o
                0x0000000020000028                Global_SPI_Config
 .bss.GlobalSystickConfig
                0x0000000020000030        0x4 MCAL/SYSTICK_DRIVER/STM32_F103C6_SYSTICK_DRIVER.o
                0x0000000020000030                GlobalSystickConfig
 .bss.Global_UART_Config
                0x0000000020000034        0xc MCAL/USART_DRIVER/STM32_F103C6_USART_Driver.o
                0x0000000020000034                Global_UART_Config
 .bss.USART_Index
                0x0000000020000040        0x1 MCAL/USART_DRIVER/STM32_F103C6_USART_Driver.o
                0x0000000020000040                USART_Index
 *fill*         0x0000000020000041        0x3 
 .bss.TaskArr   0x0000000020000044       0x10 OS/KERNEL_programe.o
                0x0000000020000044                TaskArr
 .bss.TickCounter.4898
                0x0000000020000054        0x2 OS/KERNEL_programe.o
 *fill*         0x0000000020000056        0x2 
 .bss.count     0x0000000020000058        0x4 Src/main.o
                0x0000000020000058                count
 *(COMMON)
 COMMON         0x000000002000005c       0x30 MCAL/SPI_DRIVER/STM32_F103C6_SPI_Driver.o
                0x000000002000005c                Global_SPI_Config2
                0x0000000020000074                Global_SPI_Config1
 COMMON         0x000000002000008c        0x3 Src/main.o
                0x000000002000008c                STATE
                0x000000002000008d                ch1
                0x000000002000008e                ch
                0x0000000020000090                . = ALIGN (0x4)
 *fill*         0x000000002000008f        0x1 
                0x0000000020000090                _ebss = .
                0x0000000020000090                __bss_end__ = _ebss

._user_heap_stack
                0x0000000020000090      0x600 load address 0x00000000080012fc
                0x0000000020000090                . = ALIGN (0x8)
                [!provide]                        PROVIDE (end = .)
                0x0000000020000090                PROVIDE (_end = .)
                0x0000000020000290                . = (. + _Min_Heap_Size)
 *fill*         0x0000000020000090      0x200 
                0x0000000020000690                . = (. + _Min_Stack_Size)
 *fill*         0x0000000020000290      0x400 
                0x0000000020000690                . = ALIGN (0x8)

/DISCARD/
 libc.a(*)
 libm.a(*)
 libgcc.a(*)

.ARM.attributes
                0x0000000000000000       0x29
 *(.ARM.attributes)
 .ARM.attributes
                0x0000000000000000       0x1d c:/st/stm32cubeide_1.4.0/stm32cubeide/plugins/com.st.stm32cube.ide.mcu.externaltools.gnu-tools-for-stm32.7-2018-q2-update.win32_1.4.0.202007081208/tools/bin/../lib/gcc/arm-none-eabi/7.3.1/thumb/v7-m/crti.o
 .ARM.attributes
                0x000000000000001d       0x2d c:/st/stm32cubeide_1.4.0/stm32cubeide/plugins/com.st.stm32cube.ide.mcu.externaltools.gnu-tools-for-stm32.7-2018-q2-update.win32_1.4.0.202007081208/tools/bin/../lib/gcc/arm-none-eabi/7.3.1/thumb/v7-m/crtbegin.o
 .ARM.attributes
                0x000000000000004a       0x33 MCAL/GPIO/STM32_F103C6_GPIO_Driver.o
 .ARM.attributes
                0x000000000000007d       0x33 MCAL/RCC_DRIVER/STM32_F103C6_RCC_Driver.o
 .ARM.attributes
                0x00000000000000b0       0x33 MCAL/SPI_DRIVER/STM32_F103C6_SPI_Driver.o
 .ARM.attributes
                0x00000000000000e3       0x33 MCAL/SYSTICK_DRIVER/STM32_F103C6_SYSTICK_Config.o
 .ARM.attributes
                0x0000000000000116       0x33 MCAL/SYSTICK_DRIVER/STM32_F103C6_SYSTICK_DRIVER.o
 .ARM.attributes
                0x0000000000000149       0x33 MCAL/TIMER_DRIVER/Timer.o
 .ARM.attributes
                0x000000000000017c       0x33 MCAL/USART_DRIVER/STM32_F103C6_USART_Driver.o
 .ARM.attributes
                0x00000000000001af       0x33 OS/KERNEL_programe.o
 .ARM.attributes
                0x00000000000001e2       0x33 Src/main.o
 .ARM.attributes
                0x0000000000000215       0x21 Startup/startup_stm32f103c8tx.o
 .ARM.attributes
                0x0000000000000236       0x2d c:/st/stm32cubeide_1.4.0/stm32cubeide/plugins/com.st.stm32cube.ide.mcu.externaltools.gnu-tools-for-stm32.7-2018-q2-update.win32_1.4.0.202007081208/tools/bin/../lib/gcc/arm-none-eabi/7.3.1/../../../../arm-none-eabi/lib/thumb/v7-m\libc_nano.a(lib_a-init.o)
 .ARM.attributes
                0x0000000000000263       0x1d c:/st/stm32cubeide_1.4.0/stm32cubeide/plugins/com.st.stm32cube.ide.mcu.externaltools.gnu-tools-for-stm32.7-2018-q2-update.win32_1.4.0.202007081208/tools/bin/../lib/gcc/arm-none-eabi/7.3.1/thumb/v7-m/crtn.o
OUTPUT(Final_Project_Slave.elf elf32-littlearm)

.debug_info     0x0000000000000000     0x71ff
 .debug_info    0x0000000000000000      0xd80 MCAL/GPIO/STM32_F103C6_GPIO_Driver.o
 .debug_info    0x0000000000000d80      0xb7d MCAL/RCC_DRIVER/STM32_F103C6_RCC_Driver.o
 .debug_info    0x00000000000018fd      0xf52 MCAL/SPI_DRIVER/STM32_F103C6_SPI_Driver.o
 .debug_info    0x000000000000284f      0x9ee MCAL/SYSTICK_DRIVER/STM32_F103C6_SYSTICK_Config.o
 .debug_info    0x000000000000323d      0xabf MCAL/SYSTICK_DRIVER/STM32_F103C6_SYSTICK_DRIVER.o
 .debug_info    0x0000000000003cfc      0xa8f MCAL/TIMER_DRIVER/Timer.o
 .debug_info    0x000000000000478b      0xe5b MCAL/USART_DRIVER/STM32_F103C6_USART_Driver.o
 .debug_info    0x00000000000055e6      0xb77 OS/KERNEL_programe.o
 .debug_info    0x000000000000615d     0x1080 Src/main.o
 .debug_info    0x00000000000071dd       0x22 Startup/startup_stm32f103c8tx.o

.debug_abbrev   0x0000000000000000     0x11c6
 .debug_abbrev  0x0000000000000000      0x241 MCAL/GPIO/STM32_F103C6_GPIO_Driver.o
 .debug_abbrev  0x0000000000000241      0x19b MCAL/RCC_DRIVER/STM32_F103C6_RCC_Driver.o
 .debug_abbrev  0x00000000000003dc      0x240 MCAL/SPI_DRIVER/STM32_F103C6_SPI_Driver.o
 .debug_abbrev  0x000000000000061c      0x156 MCAL/SYSTICK_DRIVER/STM32_F103C6_SYSTICK_Config.o
 .debug_abbrev  0x0000000000000772      0x1ef MCAL/SYSTICK_DRIVER/STM32_F103C6_SYSTICK_DRIVER.o
 .debug_abbrev  0x0000000000000961      0x1b9 MCAL/TIMER_DRIVER/Timer.o
 .debug_abbrev  0x0000000000000b1a      0x23f MCAL/USART_DRIVER/STM32_F103C6_USART_Driver.o
 .debug_abbrev  0x0000000000000d59      0x1de OS/KERNEL_programe.o
 .debug_abbrev  0x0000000000000f37      0x27d Src/main.o
 .debug_abbrev  0x00000000000011b4       0x12 Startup/startup_stm32f103c8tx.o

.debug_loc      0x0000000000000000      0xe66
 .debug_loc     0x0000000000000000      0x330 MCAL/GPIO/STM32_F103C6_GPIO_Driver.o
 .debug_loc     0x0000000000000330       0xc8 MCAL/RCC_DRIVER/STM32_F103C6_RCC_Driver.o
 .debug_loc     0x00000000000003f8      0x2bc MCAL/SPI_DRIVER/STM32_F103C6_SPI_Driver.o
 .debug_loc     0x00000000000006b4      0x16c MCAL/SYSTICK_DRIVER/STM32_F103C6_SYSTICK_DRIVER.o
 .debug_loc     0x0000000000000820       0xf0 MCAL/TIMER_DRIVER/Timer.o
 .debug_loc     0x0000000000000910      0x294 MCAL/USART_DRIVER/STM32_F103C6_USART_Driver.o
 .debug_loc     0x0000000000000ba4      0x1ec OS/KERNEL_programe.o
 .debug_loc     0x0000000000000d90       0xd6 Src/main.o

.debug_aranges  0x0000000000000000      0x280
 .debug_aranges
                0x0000000000000000       0x60 MCAL/GPIO/STM32_F103C6_GPIO_Driver.o
 .debug_aranges
                0x0000000000000060       0x38 MCAL/RCC_DRIVER/STM32_F103C6_RCC_Driver.o
 .debug_aranges
                0x0000000000000098       0x58 MCAL/SPI_DRIVER/STM32_F103C6_SPI_Driver.o
 .debug_aranges
                0x00000000000000f0       0x18 MCAL/SYSTICK_DRIVER/STM32_F103C6_SYSTICK_Config.o
 .debug_aranges
                0x0000000000000108       0x40 MCAL/SYSTICK_DRIVER/STM32_F103C6_SYSTICK_DRIVER.o
 .debug_aranges
                0x0000000000000148       0x30 MCAL/TIMER_DRIVER/Timer.o
 .debug_aranges
                0x0000000000000178       0x60 MCAL/USART_DRIVER/STM32_F103C6_USART_Driver.o
 .debug_aranges
                0x00000000000001d8       0x48 OS/KERNEL_programe.o
 .debug_aranges
                0x0000000000000220       0x38 Src/main.o
 .debug_aranges
                0x0000000000000258       0x28 Startup/startup_stm32f103c8tx.o

.debug_ranges   0x0000000000000000      0x1e0
 .debug_ranges  0x0000000000000000       0x50 MCAL/GPIO/STM32_F103C6_GPIO_Driver.o
 .debug_ranges  0x0000000000000050       0x28 MCAL/RCC_DRIVER/STM32_F103C6_RCC_Driver.o
 .debug_ranges  0x0000000000000078       0x48 MCAL/SPI_DRIVER/STM32_F103C6_SPI_Driver.o
 .debug_ranges  0x00000000000000c0       0x30 MCAL/SYSTICK_DRIVER/STM32_F103C6_SYSTICK_DRIVER.o
 .debug_ranges  0x00000000000000f0       0x20 MCAL/TIMER_DRIVER/Timer.o
 .debug_ranges  0x0000000000000110       0x50 MCAL/USART_DRIVER/STM32_F103C6_USART_Driver.o
 .debug_ranges  0x0000000000000160       0x38 OS/KERNEL_programe.o
 .debug_ranges  0x0000000000000198       0x28 Src/main.o
 .debug_ranges  0x00000000000001c0       0x20 Startup/startup_stm32f103c8tx.o

.debug_macro    0x0000000000000000      0xe58
 .debug_macro   0x0000000000000000      0x149 MCAL/GPIO/STM32_F103C6_GPIO_Driver.o
 .debug_macro   0x0000000000000149      0x15c MCAL/RCC_DRIVER/STM32_F103C6_RCC_Driver.o
 .debug_macro   0x00000000000002a5       0x10 MCAL/RCC_DRIVER/STM32_F103C6_RCC_Driver.o
 .debug_macro   0x00000000000002b5      0x16f MCAL/SPI_DRIVER/STM32_F103C6_SPI_Driver.o
 .debug_macro   0x0000000000000424      0x15d MCAL/SYSTICK_DRIVER/STM32_F103C6_SYSTICK_Config.o
 .debug_macro   0x0000000000000581       0x1c MCAL/SYSTICK_DRIVER/STM32_F103C6_SYSTICK_Config.o
 .debug_macro   0x000000000000059d       0x10 MCAL/SYSTICK_DRIVER/STM32_F103C6_SYSTICK_Config.o
 .debug_macro   0x00000000000005ad       0x10 MCAL/SYSTICK_DRIVER/STM32_F103C6_SYSTICK_Config.o
 .debug_macro   0x00000000000005bd      0x152 MCAL/SYSTICK_DRIVER/STM32_F103C6_SYSTICK_DRIVER.o
 .debug_macro   0x000000000000070f       0x22 MCAL/SYSTICK_DRIVER/STM32_F103C6_SYSTICK_DRIVER.o
 .debug_macro   0x0000000000000731      0x14e MCAL/TIMER_DRIVER/Timer.o
 .debug_macro   0x000000000000087f       0x3a MCAL/TIMER_DRIVER/Timer.o
 .debug_macro   0x00000000000008b9      0x157 MCAL/USART_DRIVER/STM32_F103C6_USART_Driver.o
 .debug_macro   0x0000000000000a10      0x169 OS/KERNEL_programe.o
 .debug_macro   0x0000000000000b79       0x16 OS/KERNEL_programe.o
 .debug_macro   0x0000000000000b8f       0x10 OS/KERNEL_programe.o
 .debug_macro   0x0000000000000b9f      0x1a0 Src/main.o
 .debug_macro   0x0000000000000d3f       0xf7 Src/main.o
 .debug_macro   0x0000000000000e36       0x22 Src/main.o

.debug_line     0x0000000000000000     0x3892
 .debug_line    0x0000000000000000      0x67f MCAL/GPIO/STM32_F103C6_GPIO_Driver.o
 .debug_line    0x000000000000067f      0x5be MCAL/RCC_DRIVER/STM32_F103C6_RCC_Driver.o
 .debug_line    0x0000000000000c3d      0x6e6 MCAL/SPI_DRIVER/STM32_F103C6_SPI_Driver.o
 .debug_line    0x0000000000001323      0x5d0 MCAL/SYSTICK_DRIVER/STM32_F103C6_SYSTICK_Config.o
 .debug_line    0x00000000000018f3      0x5df MCAL/SYSTICK_DRIVER/STM32_F103C6_SYSTICK_DRIVER.o
 .debug_line    0x0000000000001ed2      0x5aa MCAL/TIMER_DRIVER/Timer.o
 .debug_line    0x000000000000247c      0x6c1 MCAL/USART_DRIVER/STM32_F103C6_USART_Driver.o
 .debug_line    0x0000000000002b3d      0x601 OS/KERNEL_programe.o
 .debug_line    0x000000000000313e      0x6d0 Src/main.o
 .debug_line    0x000000000000380e       0x84 Startup/startup_stm32f103c8tx.o

.debug_str      0x0000000000000000     0xb08e
 .debug_str     0x0000000000000000     0x98af MCAL/GPIO/STM32_F103C6_GPIO_Driver.o
                                       0x9b1a (size before relaxing)
 .debug_str     0x00000000000098af      0x104 MCAL/RCC_DRIVER/STM32_F103C6_RCC_Driver.o
                                       0x9aae (size before relaxing)
 .debug_str     0x00000000000099b3      0x80d MCAL/SPI_DRIVER/STM32_F103C6_SPI_Driver.o
                                       0xa278 (size before relaxing)
 .debug_str     0x000000000000a1c0      0x179 MCAL/SYSTICK_DRIVER/STM32_F103C6_SYSTICK_Config.o
                                       0x962c (size before relaxing)
 .debug_str     0x000000000000a339      0x185 MCAL/SYSTICK_DRIVER/STM32_F103C6_SYSTICK_DRIVER.o
                                       0x96e9 (size before relaxing)
 .debug_str     0x000000000000a4be      0x204 MCAL/TIMER_DRIVER/Timer.o
                                       0x9b3c (size before relaxing)
 .debug_str     0x000000000000a6c2      0x7be MCAL/USART_DRIVER/STM32_F103C6_USART_Driver.o
                                       0xa26e (size before relaxing)
 .debug_str     0x000000000000ae80      0x108 OS/KERNEL_programe.o
                                       0x9777 (size before relaxing)
 .debug_str     0x000000000000af88       0xd5 Src/main.o
                                       0xaa31 (size before relaxing)
 .debug_str     0x000000000000b05d       0x31 Startup/startup_stm32f103c8tx.o
                                         0x78 (size before relaxing)

.comment        0x0000000000000000       0x7b
 .comment       0x0000000000000000       0x7b MCAL/GPIO/STM32_F103C6_GPIO_Driver.o
                                         0x7c (size before relaxing)
 .comment       0x000000000000007b       0x7c MCAL/RCC_DRIVER/STM32_F103C6_RCC_Driver.o
 .comment       0x000000000000007b       0x7c MCAL/SPI_DRIVER/STM32_F103C6_SPI_Driver.o
 .comment       0x000000000000007b       0x7c MCAL/SYSTICK_DRIVER/STM32_F103C6_SYSTICK_Config.o
 .comment       0x000000000000007b       0x7c MCAL/SYSTICK_DRIVER/STM32_F103C6_SYSTICK_DRIVER.o
 .comment       0x000000000000007b       0x7c MCAL/TIMER_DRIVER/Timer.o
 .comment       0x000000000000007b       0x7c MCAL/USART_DRIVER/STM32_F103C6_USART_Driver.o
 .comment       0x000000000000007b       0x7c OS/KERNEL_programe.o
 .comment       0x000000000000007b       0x7c Src/main.o

.debug_frame    0x0000000000000000      0x76c
 .debug_frame   0x0000000000000000      0x178 MCAL/GPIO/STM32_F103C6_GPIO_Driver.o
 .debug_frame   0x0000000000000178       0x84 MCAL/RCC_DRIVER/STM32_F103C6_RCC_Driver.o
 .debug_frame   0x00000000000001fc      0x148 MCAL/SPI_DRIVER/STM32_F103C6_SPI_Driver.o
 .debug_frame   0x0000000000000344       0xbc MCAL/SYSTICK_DRIVER/STM32_F103C6_SYSTICK_DRIVER.o
 .debug_frame   0x0000000000000400       0x7c MCAL/TIMER_DRIVER/Timer.o
 .debug_frame   0x000000000000047c      0x14c MCAL/USART_DRIVER/STM32_F103C6_USART_Driver.o
 .debug_frame   0x00000000000005c8       0xf0 OS/KERNEL_programe.o
 .debug_frame   0x00000000000006b8       0x88 Src/main.o
 .debug_frame   0x0000000000000740       0x2c c:/st/stm32cubeide_1.4.0/stm32cubeide/plugins/com.st.stm32cube.ide.mcu.externaltools.gnu-tools-for-stm32.7-2018-q2-update.win32_1.4.0.202007081208/tools/bin/../lib/gcc/arm-none-eabi/7.3.1/../../../../arm-none-eabi/lib/thumb/v7-m\libc_nano.a(lib_a-init.o)
