Archive member included to satisfy reference by file (symbol)

c:/st/stm32cubeide_1.4.0/stm32cubeide/plugins/com.st.stm32cube.ide.mcu.externaltools.gnu-tools-for-stm32.7-2018-q2-update.win32_1.4.0.202007081208/tools/bin/../lib/gcc/arm-none-eabi/7.3.1/../../../../arm-none-eabi/lib/thumb/v7-m\libc_nano.a(lib_a-errno.o)
                              Src/syscalls.o (__errno)
c:/st/stm32cubeide_1.4.0/stm32cubeide/plugins/com.st.stm32cube.ide.mcu.externaltools.gnu-tools-for-stm32.7-2018-q2-update.win32_1.4.0.202007081208/tools/bin/../lib/gcc/arm-none-eabi/7.3.1/../../../../arm-none-eabi/lib/thumb/v7-m\libc_nano.a(lib_a-exit.o)
                              c:/st/stm32cubeide_1.4.0/stm32cubeide/plugins/com.st.stm32cube.ide.mcu.externaltools.gnu-tools-for-stm32.7-2018-q2-update.win32_1.4.0.202007081208/tools/bin/../lib/gcc/arm-none-eabi/7.3.1/../../../../arm-none-eabi/lib/thumb/v7-m/crt0.o (exit)
c:/st/stm32cubeide_1.4.0/stm32cubeide/plugins/com.st.stm32cube.ide.mcu.externaltools.gnu-tools-for-stm32.7-2018-q2-update.win32_1.4.0.202007081208/tools/bin/../lib/gcc/arm-none-eabi/7.3.1/../../../../arm-none-eabi/lib/thumb/v7-m\libc_nano.a(lib_a-impure.o)
                              c:/st/stm32cubeide_1.4.0/stm32cubeide/plugins/com.st.stm32cube.ide.mcu.externaltools.gnu-tools-for-stm32.7-2018-q2-update.win32_1.4.0.202007081208/tools/bin/../lib/gcc/arm-none-eabi/7.3.1/../../../../arm-none-eabi/lib/thumb/v7-m\libc_nano.a(lib_a-exit.o) (_global_impure_ptr)
c:/st/stm32cubeide_1.4.0/stm32cubeide/plugins/com.st.stm32cube.ide.mcu.externaltools.gnu-tools-for-stm32.7-2018-q2-update.win32_1.4.0.202007081208/tools/bin/../lib/gcc/arm-none-eabi/7.3.1/../../../../arm-none-eabi/lib/thumb/v7-m\libc_nano.a(lib_a-init.o)
                              c:/st/stm32cubeide_1.4.0/stm32cubeide/plugins/com.st.stm32cube.ide.mcu.externaltools.gnu-tools-for-stm32.7-2018-q2-update.win32_1.4.0.202007081208/tools/bin/../lib/gcc/arm-none-eabi/7.3.1/../../../../arm-none-eabi/lib/thumb/v7-m/crt0.o (__libc_init_array)
c:/st/stm32cubeide_1.4.0/stm32cubeide/plugins/com.st.stm32cube.ide.mcu.externaltools.gnu-tools-for-stm32.7-2018-q2-update.win32_1.4.0.202007081208/tools/bin/../lib/gcc/arm-none-eabi/7.3.1/../../../../arm-none-eabi/lib/thumb/v7-m\libc_nano.a(lib_a-memset.o)
                              c:/st/stm32cubeide_1.4.0/stm32cubeide/plugins/com.st.stm32cube.ide.mcu.externaltools.gnu-tools-for-stm32.7-2018-q2-update.win32_1.4.0.202007081208/tools/bin/../lib/gcc/arm-none-eabi/7.3.1/../../../../arm-none-eabi/lib/thumb/v7-m/crt0.o (memset)

Allocating common symbols
Common symbol       size              file

LastProcess         0x1               Src/main.o
Global_SPI_Config2  0x18              MCAL/SPI_DRIVER/STM32_F103C6_SPI_Driver.o
Global_SPI_Config1  0x18              MCAL/SPI_DRIVER/STM32_F103C6_SPI_Driver.o

Discarded input sections

 .text          0x0000000000000000        0x0 c:/st/stm32cubeide_1.4.0/stm32cubeide/plugins/com.st.stm32cube.ide.mcu.externaltools.gnu-tools-for-stm32.7-2018-q2-update.win32_1.4.0.202007081208/tools/bin/../lib/gcc/arm-none-eabi/7.3.1/thumb/v7-m/crti.o
 .data          0x0000000000000000        0x0 c:/st/stm32cubeide_1.4.0/stm32cubeide/plugins/com.st.stm32cube.ide.mcu.externaltools.gnu-tools-for-stm32.7-2018-q2-update.win32_1.4.0.202007081208/tools/bin/../lib/gcc/arm-none-eabi/7.3.1/thumb/v7-m/crti.o
 .bss           0x0000000000000000        0x0 c:/st/stm32cubeide_1.4.0/stm32cubeide/plugins/com.st.stm32cube.ide.mcu.externaltools.gnu-tools-for-stm32.7-2018-q2-update.win32_1.4.0.202007081208/tools/bin/../lib/gcc/arm-none-eabi/7.3.1/thumb/v7-m/crti.o
 .data          0x0000000000000000        0x4 c:/st/stm32cubeide_1.4.0/stm32cubeide/plugins/com.st.stm32cube.ide.mcu.externaltools.gnu-tools-for-stm32.7-2018-q2-update.win32_1.4.0.202007081208/tools/bin/../lib/gcc/arm-none-eabi/7.3.1/thumb/v7-m/crtbegin.o
 .text          0x0000000000000000       0x74 c:/st/stm32cubeide_1.4.0/stm32cubeide/plugins/com.st.stm32cube.ide.mcu.externaltools.gnu-tools-for-stm32.7-2018-q2-update.win32_1.4.0.202007081208/tools/bin/../lib/gcc/arm-none-eabi/7.3.1/../../../../arm-none-eabi/lib/thumb/v7-m/crt0.o
 .data          0x0000000000000000        0x0 c:/st/stm32cubeide_1.4.0/stm32cubeide/plugins/com.st.stm32cube.ide.mcu.externaltools.gnu-tools-for-stm32.7-2018-q2-update.win32_1.4.0.202007081208/tools/bin/../lib/gcc/arm-none-eabi/7.3.1/../../../../arm-none-eabi/lib/thumb/v7-m/crt0.o
 .bss           0x0000000000000000        0x0 c:/st/stm32cubeide_1.4.0/stm32cubeide/plugins/com.st.stm32cube.ide.mcu.externaltools.gnu-tools-for-stm32.7-2018-q2-update.win32_1.4.0.202007081208/tools/bin/../lib/gcc/arm-none-eabi/7.3.1/../../../../arm-none-eabi/lib/thumb/v7-m/crt0.o
[...]
Memory Configuration

Name             Origin             Length             Attributes
RAM              0x0000000020000000 0x0000000000005000 xrw
ROM              0x0000000008000000 0x0000000000010000 xr
*default*        0x0000000000000000 0xffffffffffffffff

Linker script and memory map

LOAD c:/st/stm32cubeide_1.4.0/stm32cubeide/plugins/com.st.stm32cube.ide.mcu.externaltools.gnu-tools-for-stm32.7-2018-q2-update.win32_1.4.0.202007081208/tools/bin/../lib/gcc/arm-none-eabi/7.3.1/thumb/v7-m/crti.o
LOAD c:/st/stm32cubeide_1.4.0/stm32cubeide/plugins/com.st.stm32cube.ide.mcu.externaltools.gnu-tools-for-stm32.7-2018-q2-update.win32_1.4.0.202007081208/tools/bin/../lib/gcc/arm-none-eabi/7.3.1/thumb/v7-m/crtbegin.o
LOAD c:/st/stm32cubeide_1.4.0/stm32cubeide/plugins/com.st.stm32cube.ide.mcu.externaltools.gnu-tools-for-stm32.7-2018-q2-update.win32_1.4.0.202007081208/tools/bin/../lib/gcc/arm-none-eabi/7.3.1/../../../../arm-none-eabi/lib/thumb/v7-m/crt0.o
LOAD HAL/PB/PB_config.o
LOAD HAL/PB/PB_program.o
LOAD MCAL/GPIO/STM32_F103C6_GPIO_Driver.o
LOAD MCAL/RCC_DRIVER/STM32_F103C6_RCC_Driver.o
LOAD MCAL/SPI_DRIVER/STM32_F103C6_SPI_Config.o
LOAD MCAL/SPI_DRIVER/STM32_F103C6_SPI_Driver.o
LOAD MCAL/SYSTICK_DRIVER/STM32_F103C6_SYSTICK_Config.o
LOAD MCAL/SYSTICK_DRIVER/STM32_F103C6_SYSTICK_DRIVER.o
LOAD MCAL/TIMER_DRIVER/Timer.o
LOAD MCAL/USART_DRIVER/STM32_F103C6_USART_Config.o
LOAD MCAL/USART_DRIVER/STM32_F103C6_USART_Driver.o
LOAD OS/KERNEL_programe.o
LOAD Src/main.o
LOAD Src/syscalls.o
LOAD Src/sysmem.o
LOAD Startup/startup_stm32f103c8tx.o
START GROUP
LOAD c:/st/stm32cubeide_1.4.0/stm32cubeide/plugins/com.st.stm32cube.ide.mcu.externaltools.gnu-tools-for-stm32.7-2018-q2-update.win32_1.4.0.202007081208/tools/bin/../lib/gcc/arm-none-eabi/7.3.1/../../../../arm-none-eabi/lib/thumb/v7-m\libc_nano.a
LOAD c:/st/stm32cubeide_1.4.0/stm32cubeide/plugins/com.st.stm32cube.ide.mcu.externaltools.gnu-tools-for-stm32.7-2018-q2-update.win32_1.4.0.202007081208/tools/bin/../lib/gcc/arm-none-eabi/7.3.1/../../../../arm-none-eabi/lib/thumb/v7-m\libm.a
END GROUP
START GROUP
LOAD c:/st/stm32cubeide_1.4.0/stm32cubeide/plugins/com.st.stm32cube.ide.mcu.externaltools.gnu-tools-for-stm32.7-2018-q2-update.win32_1.4.0.202007081208/tools/bin/../lib/gcc/arm-none-eabi/7.3.1/thumb/v7-m\libgcc.a
LOAD c:/st/stm32cubeide_1.4.0/stm32cubeide/plugins/com.st.stm32cube.ide.mcu.externaltools.gnu-tools-for-stm32.7-2018-q2-update.win32_1.4.0.202007081208/tools/bin/../lib/gcc/arm-none-eabi/7.3.1/../../../../arm-none-eabi/lib/thumb/v7-m\libg_nano.a
LOAD c:/st/stm32cubeide_1.4.0/stm32cubeide/plugins/com.st.stm32cube.ide.mcu.externaltools.gnu-tools-for-stm32.7-2018-q2-update.win32_1.4.0.202007081208/tools/bin/../lib/gcc/arm-none-eabi/7.3.1/../../../../arm-none-eabi/lib/thumb/v7-m\libc_nano.a
END GROUP
START GROUP
LOAD c:/st/stm32cubeide_1.4.0/stm32cubeide/plugins/com.st.stm32cube.ide.mcu.externaltools.gnu-tools-for-stm32.7-2018-q2-update.win32_1.4.0.202007081208/tools/bin/../lib/gcc/arm-none-eabi/7.3.1/thumb/v7-m\libgcc.a
LOAD c:/st/stm32cubeide_1.4.0/stm32cubeide/plugins/com.st.stm32cube.ide.mcu.externaltools.gnu-tools-for-stm32.7-2018-q2-update.win32_1.4.0.202007081208/tools/bin/../lib/gcc/arm-none-eabi/7.3.1/../../../../arm-none-eabi/lib/thumb/v7-m\libc_nano.a
LOAD c:/st/stm32cubeide_1.4.0/stm32cubeide/plugins/com.st.stm32cube.ide.mcu.externaltools.gnu-tools-for-stm32.7-2018-q2-update.win32_1.4.0.202007081208/tools/bin/../lib/gcc/arm-none-eabi/7.3.1/../../../../arm-none-eabi/lib/thumb/v7-m\libnosys.a
END GROUP
START GROUP
LOAD c:/st/stm32cubeide_1.4.0/stm32cubeide/plugins/com.st.stm32cube.ide.mcu.externaltools.gnu-tools-for-stm32.7-2018-q2-update.win32_1.4.0.202007081208/tools/bin/../lib/gcc/arm-none-eabi/7.3.1/thumb/v7-m\libgcc.a
LOAD c:/st/stm32cubeide_1.4.0/stm32cubeide/plugins/com.st.stm32cube.ide.mcu.externaltools.gnu-tools-for-stm32.7-2018-q2-update.win32_1.4.0.202007081208/tools/bin/../lib/gcc/arm-none-eabi/7.3.1/../../../../arm-none-eabi/lib/thumb/v7-m\libc_nano.a
LOAD c:/st/stm32cubeide_1.4.0/stm32cubeide/plugins/com.st.stm32cube.ide.mcu.externaltools.gnu-tools-for-stm32.7-2018-q2-update.win32_1.4.0.202007081208/tools/bin/../lib/gcc/arm-none-eabi/7.3.1/../../../../arm-none-eabi/lib/thumb/v7-m\libnosys.a
END GROUP
LOAD c:/st/stm32cubeide_1.4.0/stm32cubeide/plugins/com.st.stm32cube.ide.mcu.externaltools.gnu-tools-for-stm32.7-2018-q2-update.win32_1.4.0.202007081208/tools/bin/../lib/gcc/arm-none-eabi/7.3.1/thumb/v7-m/crtend.o
LOAD c:/st/stm32cubeide_1.4.0/stm32cubeide/plugins/com.st.stm32cube.ide.mcu.externaltools.gnu-tools-for-stm32.7-2018-q2-update.win32_1.4.0.202007081208/tools/bin/../lib/gcc/arm-none-eabi/7.3.1/thumb/v7-m/crtn.o
                0x0000000020005000                _estack = (ORIGIN (RAM) + LENGTH (RAM))
                0x0000000000000200                _Min_Heap_Size = 0x200
                0x0000000000000400                _Min_Stack_Size = 0x400

.isr_vector     0x0000000008000000      0x130
                0x0000000008000000                . = ALIGN (0x4)
 *(.isr_vector)
 .isr_vector    0x0000000008000000      0x130 Startup/startup_stm32f103c8tx.o
                0x0000000008000000                g_pfnVectors
                0x0000000008000130                . = ALIGN (0x4)

.text           0x0000000008000130     0x11b8
                0x0000000008000130                . = ALIGN (0x4)
 *(.text)
 .text          0x0000000008000130       0x40 c:/st/stm32cubeide_1.4.0/stm32cubeide/plugins/com.st.stm32cube.ide.mcu.externaltools.gnu-tools-for-stm32.7-2018-q2-update.win32_1.4.0.202007081208/tools/bin/../lib/gcc/arm-none-eabi/7.3.1/thumb/v7-m/crtbegin.o
 *(.text*)
 .text.HAL_button_vInit
                0x0000000008000170       0x1c HAL/PB/PB_program.o
                0x0000000008000170                HAL_button_vInit
 .text.HAL_button_u8read
                0x000000000800018c       0x22 HAL/PB/PB_program.o
                0x000000000800018c                HAL_button_u8read
 .text.Get_CRLH_Position
                0x00000000080001ae       0xc6 MCAL/GPIO/STM32_F103C6_GPIO_Driver.o
                0x00000000080001ae                Get_CRLH_Position
 .text.MCAL_GPIO_Init
                0x0000000008000274      0x11a MCAL/GPIO/STM32_F103C6_GPIO_Driver.o
                0x0000000008000274                MCAL_GPIO_Init
 .text.MCAL_GPIO_ReadPin
                0x000000000800038e       0x2e MCAL/GPIO/STM32_F103C6_GPIO_Driver.o
                0x000000000800038e                MCAL_GPIO_ReadPin
 .text.MCAL_GPIO_WritePin
                0x00000000080003bc       0x2e MCAL/GPIO/STM32_F103C6_GPIO_Driver.o
                0x00000000080003bc                MCAL_GPIO_WritePin
 *fill*         0x00000000080003ea        0x2 
 .text.MCAL_RCC_GetSYS_CLCKFreq
                0x00000000080003ec       0x3c MCAL/RCC_DRIVER/STM32_F103C6_RCC_Driver.o
                0x00000000080003ec                MCAL_RCC_GetSYS_CLCKFreq
 .text.MCAL_RCC_GetHCLKFreq
                0x0000000008000428       0x28 MCAL/RCC_DRIVER/STM32_F103C6_RCC_Driver.o
                0x0000000008000428                MCAL_RCC_GetHCLKFreq
 .text.MCAL_RCC_GetPCLK1Freq
                0x0000000008000450       0x28 MCAL/RCC_DRIVER/STM32_F103C6_RCC_Driver.o
                0x0000000008000450                MCAL_RCC_GetPCLK1Freq
 .text.MCAL_RCC_GetPCLK2Freq
                0x0000000008000478       0x28 MCAL/RCC_DRIVER/STM32_F103C6_RCC_Driver.o
                0x0000000008000478                MCAL_RCC_GetPCLK2Freq
 .text.MCAL_SPI_Init
                0x00000000080004a0      0x158 MCAL/SPI_DRIVER/STM32_F103C6_SPI_Driver.o
                0x00000000080004a0                MCAL_SPI_Init
 .text.MCAL_SPI_SendData
                0x00000000080005f8       0x80 MCAL/SPI_DRIVER/STM32_F103C6_SPI_Driver.o
                0x00000000080005f8                MCAL_SPI_SendData
 .text.MCAL_SPI_GPIO_Set_Pins
                0x0000000008000678      0x1ec MCAL/SPI_DRIVER/STM32_F103C6_SPI_Driver.o
                0x0000000008000678                MCAL_SPI_GPIO_Set_Pins
 .text.SPI1_IRQHandler
                0x0000000008000864       0x5c MCAL/SPI_DRIVER/STM32_F103C6_SPI_Driver.o
                0x0000000008000864                SPI1_IRQHandler
 .text.SPI2_IRQHandler
                0x00000000080008c0       0x5c MCAL/SPI_DRIVER/STM32_F103C6_SPI_Driver.o
                0x00000000080008c0                SPI2_IRQHandler
 .text.MCAL_SYSTICK_Init
                0x000000000800091c       0x8c MCAL/SYSTICK_DRIVER/STM32_F103C6_SYSTICK_DRIVER.o
                0x000000000800091c                MCAL_SYSTICK_Init
 .text.MCAL_SYSTICK_disable
                0x00000000080009a8       0x24 MCAL/SYSTICK_DRIVER/STM32_F103C6_SYSTICK_DRIVER.o
                0x00000000080009a8                MCAL_SYSTICK_disable
 .text.MCAL_SYSTICK_delay_ms
                0x00000000080009cc       0x64 MCAL/SYSTICK_DRIVER/STM32_F103C6_SYSTICK_DRIVER.o
                0x00000000080009cc                MCAL_SYSTICK_delay_ms
 .text.SysTick_Handler
                0x0000000008000a30       0x14 MCAL/SYSTICK_DRIVER/STM32_F103C6_SYSTICK_DRIVER.o
                0x0000000008000a30                SysTick_Handler
 .text.Timer2_init
                0x0000000008000a44       0x50 MCAL/TIMER_DRIVER/Timer.o
                0x0000000008000a44                Timer2_init
 .text.dus      0x0000000008000a94       0x28 MCAL/TIMER_DRIVER/Timer.o
                0x0000000008000a94                dus
 .text.dms      0x0000000008000abc       0x30 MCAL/TIMER_DRIVER/Timer.o
                0x0000000008000abc                dms
 .text.MCAL_UART_Init
                0x0000000008000aec      0x1bc MCAL/USART_DRIVER/STM32_F103C6_USART_Driver.o
                0x0000000008000aec                MCAL_UART_Init
 .text.MCAL_UART_SendData
                0x0000000008000ca8       0x74 MCAL/USART_DRIVER/STM32_F103C6_USART_Driver.o
                0x0000000008000ca8                MCAL_UART_SendData
 .text.MCAL_UART_GPIO_Set_Pins
                0x0000000008000d1c       0xcc MCAL/USART_DRIVER/STM32_F103C6_USART_Driver.o
                0x0000000008000d1c                MCAL_UART_GPIO_Set_Pins
 .text.USART1_IRQHandler
                0x0000000008000de8       0x14 MCAL/USART_DRIVER/STM32_F103C6_USART_Driver.o
                0x0000000008000de8                USART1_IRQHandler
 .text.USART2_IRQHandler
                0x0000000008000dfc       0x14 MCAL/USART_DRIVER/STM32_F103C6_USART_Driver.o
                0x0000000008000dfc                USART2_IRQHandler
 .text.USART3_IRQHandler
                0x0000000008000e10       0x14 MCAL/USART_DRIVER/STM32_F103C6_USART_Driver.o
                0x0000000008000e10                USART3_IRQHandler
 .text.RTOS_start
                0x0000000008000e24        0xe OS/KERNEL_programe.o
                0x0000000008000e24                RTOS_start
 *fill*         0x0000000008000e32        0x2 
 .text.RTOS_createTask
                0x0000000008000e34       0x4c OS/KERNEL_programe.o
                0x0000000008000e34                RTOS_createTask
 .text.RTOS_scheduler
                0x0000000008000e80       0x7c OS/KERNEL_programe.o
                0x0000000008000e80                RTOS_scheduler
 .text.main     0x0000000008000efc       0x2c Src/main.o
                0x0000000008000efc                main
 .text.Read_Button_State
                0x0000000008000f28       0xa0 Src/main.o
                0x0000000008000f28                Read_Button_State
 .text.SPI_Send_Message
                0x0000000008000fc8       0x90 Src/main.o
                0x0000000008000fc8                SPI_Send_Message
 .text.Uart_Send_State
                0x0000000008001058       0xcc Src/main.o
                0x0000000008001058                Uart_Send_State
 .text.init     0x0000000008001124      0x110 Src/main.o
                0x0000000008001124                init
 .text.Reset_Handler
                0x0000000008001234       0x50 Startup/startup_stm32f103c8tx.o
                0x0000000008001234                Reset_Handler
 .text.Default_Handler
                0x0000000008001284        0x2 Startup/startup_stm32f103c8tx.o
                0x0000000008001284                EXTI2_IRQHandler
                0x0000000008001284                TIM8_TRG_COM_IRQHandler
                0x0000000008001284                TIM8_CC_IRQHandler
                0x0000000008001284                DebugMon_Handler
                0x0000000008001284                TIM1_CC_IRQHandler
                0x0000000008001284                HardFault_Handler
                0x0000000008001284                TIM6_IRQHandler
                0x0000000008001284                PVD_IRQHandler
                0x0000000008001284                SDIO_IRQHandler
                0x0000000008001284                PendSV_Handler
                0x0000000008001284                NMI_Handler
                0x0000000008001284                EXTI3_IRQHandler
                0x0000000008001284                USB_HP_CAN_TX_IRQHandler
                0x0000000008001284                EXTI0_IRQHandler
                0x0000000008001284                I2C2_EV_IRQHandler
                0x0000000008001284                UsageFault_Handler
                0x0000000008001284                ADC1_2_IRQHandler
                0x0000000008001284                CAN_SCE_IRQHandler
                0x0000000008001284                TAMPER_IRQHandler
                0x0000000008001284                TIM8_UP_IRQHandler
                0x0000000008001284                DMA2_Channel2_IRQHandler
                0x0000000008001284                DMA1_Channel4_IRQHandler
                0x0000000008001284                RTC_IRQHandler
                0x0000000008001284                DMA1_Channel7_IRQHandler
                0x0000000008001284                UART5_IRQHandler
                0x0000000008001284                ADC3_IRQHandler
                0x0000000008001284                TIM4_IRQHandler
                0x0000000008001284                CAN_RX1_IRQHandler
                0x0000000008001284                DMA2_Channel1_IRQHandler
                0x0000000008001284                I2C1_EV_IRQHandler
                0x0000000008001284                DMA1_Channel6_IRQHandler
                0x0000000008001284                UART4_IRQHandler
                0x0000000008001284                TIM3_IRQHandler
                0x0000000008001284                RCC_IRQHandler
                0x0000000008001284                TIM1_TRG_COM_IRQHandler
                0x0000000008001284                DMA1_Channel1_IRQHandler
                0x0000000008001284                Default_Handler
                0x0000000008001284                EXTI15_10_IRQHandler
                0x0000000008001284                TIM7_IRQHandler
                0x0000000008001284                TIM5_IRQHandler
                0x0000000008001284                EXTI9_5_IRQHandler
                0x0000000008001284                USB_LP_CAN_RX0_IRQHandler
                0x0000000008001284                MemManage_Handler
                0x0000000008001284                SVC_Handler
                0x0000000008001284                DMA1_Channel5_IRQHandler
                0x0000000008001284                EXTI4_IRQHandler
                0x0000000008001284                DMA1_Channel3_IRQHandler
                0x0000000008001284                FSMC_IRQHandler
                0x0000000008001284                TIM1_UP_IRQHandler
                0x0000000008001284                WWDG_IRQHandler
                0x0000000008001284                TIM2_IRQHandler
                0x0000000008001284                TIM1_BRK_IRQHandler
                0x0000000008001284                EXTI1_IRQHandler
                0x0000000008001284                RTCAlarm_IRQHandler
                0x0000000008001284                DMA2_Channel4_5_IRQHandler
                0x0000000008001284                I2C2_ER_IRQHandler
                0x0000000008001284                DMA1_Channel2_IRQHandler
                0x0000000008001284                TIM8_BRK_IRQHandler
                0x0000000008001284                FLASH_IRQHandler
                0x0000000008001284                BusFault_Handler
                0x0000000008001284                SPI3_IRQHandler
                0x0000000008001284                I2C1_ER_IRQHandler
                0x0000000008001284                DMA2_Channel3_IRQHandler
 *fill*         0x0000000008001286        0x2 
 .text.__libc_init_array
                0x0000000008001288       0x48 c:/st/stm32cubeide_1.4.0/stm32cubeide/plugins/com.st.stm32cube.ide.mcu.externaltools.gnu-tools-for-stm32.7-2018-q2-update.win32_1.4.0.202007081208/tools/bin/../lib/gcc/arm-none-eabi/7.3.1/../../../../arm-none-eabi/lib/thumb/v7-m\libc_nano.a(lib_a-init.o)
                0x0000000008001288                __libc_init_array
 *(.glue_7)
 .glue_7        0x00000000080012d0        0x0 linker stubs
 *(.glue_7t)
 .glue_7t       0x00000000080012d0        0x0 linker stubs
 *(.eh_frame)
 .eh_frame      0x00000000080012d0        0x0 c:/st/stm32cubeide_1.4.0/stm32cubeide/plugins/com.st.stm32cube.ide.mcu.externaltools.gnu-tools-for-stm32.7-2018-q2-update.win32_1.4.0.202007081208/tools/bin/../lib/gcc/arm-none-eabi/7.3.1/thumb/v7-m/crtbegin.o
 *(.init)
 .init          0x00000000080012d0        0x4 c:/st/stm32cubeide_1.4.0/stm32cubeide/plugins/com.st.stm32cube.ide.mcu.externaltools.gnu-tools-for-stm32.7-2018-q2-update.win32_1.4.0.202007081208/tools/bin/../lib/gcc/arm-none-eabi/7.3.1/thumb/v7-m/crti.o
                0x00000000080012d0                _init
 .init          0x00000000080012d4        0x8 c:/st/stm32cubeide_1.4.0/stm32cubeide/plugins/com.st.stm32cube.ide.mcu.externaltools.gnu-tools-for-stm32.7-2018-q2-update.win32_1.4.0.202007081208/tools/bin/../lib/gcc/arm-none-eabi/7.3.1/thumb/v7-m/crtn.o
 *(.fini)
 .fini          0x00000000080012dc        0x4 c:/st/stm32cubeide_1.4.0/stm32cubeide/plugins/com.st.stm32cube.ide.mcu.externaltools.gnu-tools-for-stm32.7-2018-q2-update.win32_1.4.0.202007081208/tools/bin/../lib/gcc/arm-none-eabi/7.3.1/thumb/v7-m/crti.o
                0x00000000080012dc                _fini
 .fini          0x00000000080012e0        0x8 c:/st/stm32cubeide_1.4.0/stm32cubeide/plugins/com.st.stm32cube.ide.mcu.externaltools.gnu-tools-for-stm32.7-2018-q2-update.win32_1.4.0.202007081208/tools/bin/../lib/gcc/arm-none-eabi/7.3.1/thumb/v7-m/crtn.o
                0x00000000080012e8                . = ALIGN (0x4)
                0x00000000080012e8                _etext = .

.vfp11_veneer   0x00000000080012e8        0x0
 .vfp11_veneer  0x00000000080012e8        0x0 linker stubs

.v4_bx          0x00000000080012e8        0x0
 .v4_bx         0x00000000080012e8        0x0 linker stubs

.iplt           0x00000000080012e8        0x0
 .iplt          0x00000000080012e8        0x0 c:/st/stm32cubeide_1.4.0/stm32cubeide/plugins/com.st.stm32cube.ide.mcu.externaltools.gnu-tools-for-stm32.7-2018-q2-update.win32_1.4.0.202007081208/tools/bin/../lib/gcc/arm-none-eabi/7.3.1/thumb/v7-m/crtbegin.o

.rodata         0x00000000080012e8       0x18
                0x00000000080012e8                . = ALIGN (0x4)
 *(.rodata)
 *(.rodata*)
 .rodata.APBPrescTable
                0x00000000080012e8        0x8 MCAL/RCC_DRIVER/STM32_F103C6_RCC_Driver.o
                0x00000000080012e8                APBPrescTable
 .rodata.AHBPrescTable
                0x00000000080012f0       0x10 MCAL/RCC_DRIVER/STM32_F103C6_RCC_Driver.o
                0x00000000080012f0                AHBPrescTable
                0x0000000008001300                . = ALIGN (0x4)

.rel.dyn        0x0000000008001300        0x0
 .rel.iplt      0x0000000008001300        0x0 c:/st/stm32cubeide_1.4.0/stm32cubeide/plugins/com.st.stm32cube.ide.mcu.externaltools.gnu-tools-for-stm32.7-2018-q2-update.win32_1.4.0.202007081208/tools/bin/../lib/gcc/arm-none-eabi/7.3.1/thumb/v7-m/crtbegin.o

.ARM.extab      0x0000000008001300        0x0
                0x0000000008001300                . = ALIGN (0x4)
 *(.ARM.extab* .gnu.linkonce.armextab.*)
                0x0000000008001300                . = ALIGN (0x4)

.ARM            0x0000000008001300        0x0
                0x0000000008001300                . = ALIGN (0x4)
                0x0000000008001300                __exidx_start = .
 *(.ARM.exidx*)
                0x0000000008001300                __exidx_end = .
                0x0000000008001300                . = ALIGN (0x4)

.preinit_array  0x0000000008001300        0x0
                0x0000000008001300                . = ALIGN (0x4)
                0x0000000008001300                PROVIDE (__preinit_array_start = .)
 *(.preinit_array*)
                0x0000000008001300                PROVIDE (__preinit_array_end = .)
                0x0000000008001300                . = ALIGN (0x4)

.init_array     0x0000000008001300        0x4
                0x0000000008001300                . = ALIGN (0x4)
                0x0000000008001300                PROVIDE (__init_array_start = .)
 *(SORT_BY_NAME(.init_array.*))
 *(.init_array*)
 .init_array    0x0000000008001300        0x4 c:/st/stm32cubeide_1.4.0/stm32cubeide/plugins/com.st.stm32cube.ide.mcu.externaltools.gnu-tools-for-stm32.7-2018-q2-update.win32_1.4.0.202007081208/tools/bin/../lib/gcc/arm-none-eabi/7.3.1/thumb/v7-m/crtbegin.o
                0x0000000008001304                PROVIDE (__init_array_end = .)
                0x0000000008001304                . = ALIGN (0x4)

.fini_array     0x0000000008001304        0x4
                0x0000000008001304                . = ALIGN (0x4)
                [!provide]                        PROVIDE (__fini_array_start = .)
 *(SORT_BY_NAME(.fini_array.*))
 *(.fini_array*)
 .fini_array    0x0000000008001304        0x4 c:/st/stm32cubeide_1.4.0/stm32cubeide/plugins/com.st.stm32cube.ide.mcu.externaltools.gnu-tools-for-stm32.7-2018-q2-update.win32_1.4.0.202007081208/tools/bin/../lib/gcc/arm-none-eabi/7.3.1/thumb/v7-m/crtbegin.o
                [!provide]                        PROVIDE (__fini_array_end = .)
                0x0000000008001308                . = ALIGN (0x4)
                0x0000000008001308                _sidata = LOADADDR (.data)

.data           0x0000000020000000       0x10 load address 0x0000000008001308
                0x0000000020000000                . = ALIGN (0x4)
                0x0000000020000000                _sdata = .
 *(.data)
 *(.data*)
 .data.PB1config
                0x0000000020000000        0x4 HAL/PB/PB_config.o
                0x0000000020000000                PB1config
 .data.SystickConfig
                0x0000000020000004        0x8 MCAL/SYSTICK_DRIVER/STM32_F103C6_SYSTICK_Config.o
                0x0000000020000004                SystickConfig
 .data.systick_clk
                0x000000002000000c        0x1 MCAL/SYSTICK_DRIVER/STM32_F103C6_SYSTICK_DRIVER.o
                0x0000000020000010                . = ALIGN (0x4)
 *fill*         0x000000002000000d        0x3 
                0x0000000020000010                _edata = .

.igot.plt       0x0000000020000010        0x0 load address 0x0000000008001318
 .igot.plt      0x0000000020000010        0x0 c:/st/stm32cubeide_1.4.0/stm32cubeide/plugins/com.st.stm32cube.ide.mcu.externaltools.gnu-tools-for-stm32.7-2018-q2-update.win32_1.4.0.202007081208/tools/bin/../lib/gcc/arm-none-eabi/7.3.1/thumb/v7-m/crtbegin.o
                0x0000000020000010                . = ALIGN (0x4)

.bss            0x0000000020000010       0x80 load address 0x0000000008001318
                0x0000000020000010                _sbss = .
                0x0000000020000010                __bss_start__ = _sbss
 *(.bss)
 .bss           0x0000000020000010       0x1c c:/st/stm32cubeide_1.4.0/stm32cubeide/plugins/com.st.stm32cube.ide.mcu.externaltools.gnu-tools-for-stm32.7-2018-q2-update.win32_1.4.0.202007081208/tools/bin/../lib/gcc/arm-none-eabi/7.3.1/thumb/v7-m/crtbegin.o
 *(.bss*)
 .bss.Global_SPI_Config
                0x000000002000002c        0x8 MCAL/SPI_DRIVER/STM32_F103C6_SPI_Driver.o
                0x000000002000002c                Global_SPI_Config
 .bss.GlobalSystickConfig
                0x0000000020000034        0x4 MCAL/SYSTICK_DRIVER/STM32_F103C6_SYSTICK_DRIVER.o
                0x0000000020000034                GlobalSystickConfig
 .bss.Global_UART_Config
                0x0000000020000038        0xc MCAL/USART_DRIVER/STM32_F103C6_USART_Driver.o
                0x0000000020000038                Global_UART_Config
 .bss.USART_Index
                0x0000000020000044        0x1 MCAL/USART_DRIVER/STM32_F103C6_USART_Driver.o
                0x0000000020000044                USART_Index
 *fill*         0x0000000020000045        0x3 
 .bss.TaskArr   0x0000000020000048       0x10 OS/KERNEL_programe.o
                0x0000000020000048                TaskArr
 .bss.TickCounter.4898
                0x0000000020000058        0x2 OS/KERNEL_programe.o
 .bss.PB1_Flag  0x000000002000005a        0x1 Src/main.o
                0x000000002000005a                PB1_Flag
 .bss.PB2_Flag  0x000000002000005b        0x1 Src/main.o
                0x000000002000005b                PB2_Flag
 .bss.ch        0x000000002000005c        0x1 Src/main.o
                0x000000002000005c                ch
 .bss.ch_temp   0x000000002000005d        0x1 Src/main.o
                0x000000002000005d                ch_temp
 .bss.lastMessage
                0x000000002000005e        0x1 Src/main.o
                0x000000002000005e                lastMessage
 *(COMMON)
 *fill*         0x000000002000005f        0x1 
 COMMON         0x0000000020000060       0x30 MCAL/SPI_DRIVER/STM32_F103C6_SPI_Driver.o
                0x0000000020000060                Global_SPI_Config2
                0x0000000020000078                Global_SPI_Config1
                0x0000000020000090                . = ALIGN (0x4)
                0x0000000020000090                _ebss = .
                0x0000000020000090                __bss_end__ = _ebss

._user_heap_stack
                0x0000000020000090      0x600 load address 0x0000000008001318
                0x0000000020000090                . = ALIGN (0x8)
                [!provide]                        PROVIDE (end = .)
                0x0000000020000090                PROVIDE (_end = .)
                0x0000000020000290                . = (. + _Min_Heap_Size)
 *fill*         0x0000000020000090      0x200 
                0x0000000020000690                . = (. + _Min_Stack_Size)
 *fill*         0x0000000020000290      0x400 
                0x0000000020000690                . = ALIGN (0x8)

/DISCARD/
 libc.a(*)
 libm.a(*)
 libgcc.a(*)

.ARM.attributes
                0x0000000000000000       0x29
 *(.ARM.attributes)
 .ARM.attributes
                0x0000000000000000       0x1d c:/st/stm32cubeide_1.4.0/stm32cubeide/plugins/com.st.stm32cube.ide.mcu.externaltools.gnu-tools-for-stm32.7-2018-q2-update.win32_1.4.0.202007081208/tools/bin/../lib/gcc/arm-none-eabi/7.3.1/thumb/v7-m/crti.o
 .ARM.attributes
                0x000000000000001d       0x2d c:/st/stm32cubeide_1.4.0/stm32cubeide/plugins/com.st.stm32cube.ide.mcu.externaltools.gnu-tools-for-stm32.7-2018-q2-update.win32_1.4.0.202007081208/tools/bin/../lib/gcc/arm-none-eabi/7.3.1/thumb/v7-m/crtbegin.o
 .ARM.attributes
                0x000000000000004a       0x33 HAL/PB/PB_config.o
 .ARM.attributes
                0x000000000000007d       0x33 HAL/PB/PB_program.o
 .ARM.attributes
                0x00000000000000b0       0x33 MCAL/GPIO/STM32_F103C6_GPIO_Driver.o
 .ARM.attributes
                0x00000000000000e3       0x33 MCAL/RCC_DRIVER/STM32_F103C6_RCC_Driver.o
 .ARM.attributes
                0x0000000000000116       0x33 MCAL/SPI_DRIVER/STM32_F103C6_SPI_Driver.o
 .ARM.attributes
                0x0000000000000149       0x33 MCAL/SYSTICK_DRIVER/STM32_F103C6_SYSTICK_Config.o
 .ARM.attributes
                0x000000000000017c       0x33 MCAL/SYSTICK_DRIVER/STM32_F103C6_SYSTICK_DRIVER.o
 .ARM.attributes
                0x00000000000001af       0x33 MCAL/TIMER_DRIVER/Timer.o
 .ARM.attributes
                0x00000000000001e2       0x33 MCAL/USART_DRIVER/STM32_F103C6_USART_Driver.o
 .ARM.attributes
                0x0000000000000215       0x33 OS/KERNEL_programe.o
 .ARM.attributes
                0x0000000000000248       0x33 Src/main.o
 .ARM.attributes
                0x000000000000027b       0x21 Startup/startup_stm32f103c8tx.o
 .ARM.attributes
                0x000000000000029c       0x2d c:/st/stm32cubeide_1.4.0/stm32cubeide/plugins/com.st.stm32cube.ide.mcu.externaltools.gnu-tools-for-stm32.7-2018-q2-update.win32_1.4.0.202007081208/tools/bin/../lib/gcc/arm-none-eabi/7.3.1/../../../../arm-none-eabi/lib/thumb/v7-m\libc_nano.a(lib_a-init.o)
 .ARM.attributes
                0x00000000000002c9       0x1d c:/st/stm32cubeide_1.4.0/stm32cubeide/plugins/com.st.stm32cube.ide.mcu.externaltools.gnu-tools-for-stm32.7-2018-q2-update.win32_1.4.0.202007081208/tools/bin/../lib/gcc/arm-none-eabi/7.3.1/thumb/v7-m/crtn.o
OUTPUT(Final_Project_Master.elf elf32-littlearm)

.debug_info     0x0000000000000000     0x8702
 .debug_info    0x0000000000000000      0xa2e HAL/PB/PB_config.o
 .debug_info    0x0000000000000a2e      0xb30 HAL/PB/PB_program.o
 .debug_info    0x000000000000155e      0xd80 MCAL/GPIO/STM32_F103C6_GPIO_Driver.o
 .debug_info    0x00000000000022de      0xb7d MCAL/RCC_DRIVER/STM32_F103C6_RCC_Driver.o
 .debug_info    0x0000000000002e5b      0xf52 MCAL/SPI_DRIVER/STM32_F103C6_SPI_Driver.o
 .debug_info    0x0000000000003dad      0x9ee MCAL/SYSTICK_DRIVER/STM32_F103C6_SYSTICK_Config.o
 .debug_info    0x000000000000479b      0xabf MCAL/SYSTICK_DRIVER/STM32_F103C6_SYSTICK_DRIVER.o
 .debug_info    0x000000000000525a      0xa8f MCAL/TIMER_DRIVER/Timer.o
 .debug_info    0x0000000000005ce9      0xe5b MCAL/USART_DRIVER/STM32_F103C6_USART_Driver.o
 .debug_info    0x0000000000006b44      0xb77 OS/KERNEL_programe.o
 .debug_info    0x00000000000076bb     0x1025 Src/main.o
 .debug_info    0x00000000000086e0       0x22 Startup/startup_stm32f103c8tx.o

.debug_abbrev   0x0000000000000000     0x146b
 .debug_abbrev  0x0000000000000000      0x161 HAL/PB/PB_config.o
 .debug_abbrev  0x0000000000000161      0x19b HAL/PB/PB_program.o
 .debug_abbrev  0x00000000000002fc      0x241 MCAL/GPIO/STM32_F103C6_GPIO_Driver.o
 .debug_abbrev  0x000000000000053d      0x19b MCAL/RCC_DRIVER/STM32_F103C6_RCC_Driver.o
 .debug_abbrev  0x00000000000006d8      0x240 MCAL/SPI_DRIVER/STM32_F103C6_SPI_Driver.o
 .debug_abbrev  0x0000000000000918      0x156 MCAL/SYSTICK_DRIVER/STM32_F103C6_SYSTICK_Config.o
 .debug_abbrev  0x0000000000000a6e      0x1ef MCAL/SYSTICK_DRIVER/STM32_F103C6_SYSTICK_DRIVER.o
 .debug_abbrev  0x0000000000000c5d      0x1b9 MCAL/TIMER_DRIVER/Timer.o
 .debug_abbrev  0x0000000000000e16      0x23f MCAL/USART_DRIVER/STM32_F103C6_USART_Driver.o
 .debug_abbrev  0x0000000000001055      0x1de OS/KERNEL_programe.o
 .debug_abbrev  0x0000000000001233      0x226 Src/main.o
 .debug_abbrev  0x0000000000001459       0x12 Startup/startup_stm32f103c8tx.o

.debug_aranges  0x0000000000000000      0x2c8
 .debug_aranges
                0x0000000000000000       0x18 HAL/PB/PB_config.o
 .debug_aranges
                0x0000000000000018       0x28 HAL/PB/PB_program.o
 .debug_aranges
                0x0000000000000040       0x60 MCAL/GPIO/STM32_F103C6_GPIO_Driver.o
 .debug_aranges
                0x00000000000000a0       0x38 MCAL/RCC_DRIVER/STM32_F103C6_RCC_Driver.o
 .debug_aranges
                0x00000000000000d8       0x58 MCAL/SPI_DRIVER/STM32_F103C6_SPI_Driver.o
 .debug_aranges
                0x0000000000000130       0x18 MCAL/SYSTICK_DRIVER/STM32_F103C6_SYSTICK_Config.o
 .debug_aranges
                0x0000000000000148       0x40 MCAL/SYSTICK_DRIVER/STM32_F103C6_SYSTICK_DRIVER.o
 .debug_aranges
                0x0000000000000188       0x30 MCAL/TIMER_DRIVER/Timer.o
 .debug_aranges
                0x00000000000001b8       0x60 MCAL/USART_DRIVER/STM32_F103C6_USART_Driver.o
 .debug_aranges
                0x0000000000000218       0x48 OS/KERNEL_programe.o
 .debug_aranges
                0x0000000000000260       0x40 Src/main.o
 .debug_aranges
                0x00000000000002a0       0x28 Startup/startup_stm32f103c8tx.o

.debug_macro    0x0000000000000000     0x3059
 .debug_macro   0x0000000000000000      0x153 HAL/PB/PB_config.o
 .debug_macro   0x0000000000000153      0xa60 HAL/PB/PB_config.o
 .debug_macro   0x0000000000000bb3       0x22 HAL/PB/PB_config.o
 .debug_macro   0x0000000000000bd5       0x8e HAL/PB/PB_config.o
 .debug_macro   0x0000000000000c63       0x51 HAL/PB/PB_config.o
 .debug_macro   0x0000000000000cb4       0xef HAL/PB/PB_config.o
 .debug_macro   0x0000000000000da3       0x6a HAL/PB/PB_config.o
 .debug_macro   0x0000000000000e0d      0x1df HAL/PB/PB_config.o
 .debug_macro   0x0000000000000fec       0x18 HAL/PB/PB_config.o
 .debug_macro   0x0000000000001004       0x46 HAL/PB/PB_config.o
 .debug_macro   0x000000000000104a       0x3c HAL/PB/PB_config.o
 .debug_macro   0x0000000000001086       0x34 HAL/PB/PB_config.o
 .debug_macro   0x00000000000010ba       0x16 HAL/PB/PB_config.o
 .debug_macro   0x00000000000010d0      0x10e HAL/PB/PB_config.o
 .debug_macro   0x00000000000011de       0x8d HAL/PB/PB_config.o
 .debug_macro   0x000000000000126b       0x52 HAL/PB/PB_config.o
 .debug_macro   0x00000000000012bd       0x1f HAL/PB/PB_config.o
 .debug_macro   0x00000000000012dc       0x43 HAL/PB/PB_config.o
 .debug_macro   0x000000000000131f       0x20 HAL/PB/PB_config.o
 .debug_macro   0x000000000000133f      0x1a3 HAL/PB/PB_config.o
 .debug_macro   0x00000000000014e2      0x330 HAL/PB/PB_config.o
 .debug_macro   0x0000000000001812       0x16 HAL/PB/PB_config.o
 .debug_macro   0x0000000000001828       0x29 HAL/PB/PB_config.o
 .debug_macro   0x0000000000001851      0x73c HAL/PB/PB_config.o
 .debug_macro   0x0000000000001f8d       0xd0 HAL/PB/PB_config.o
 .debug_macro   0x000000000000205d      0x153 HAL/PB/PB_program.o
 .debug_macro   0x00000000000021b0      0x149 MCAL/GPIO/STM32_F103C6_GPIO_Driver.o
 .debug_macro   0x00000000000022f9      0x15c MCAL/RCC_DRIVER/STM32_F103C6_RCC_Driver.o
 .debug_macro   0x0000000000002455       0x10 MCAL/RCC_DRIVER/STM32_F103C6_RCC_Driver.o
 .debug_macro   0x0000000000002465      0x16f MCAL/SPI_DRIVER/STM32_F103C6_SPI_Driver.o
 .debug_macro   0x00000000000025d4      0x15d MCAL/SYSTICK_DRIVER/STM32_F103C6_SYSTICK_Config.o
 .debug_macro   0x0000000000002731       0x1c MCAL/SYSTICK_DRIVER/STM32_F103C6_SYSTICK_Config.o
 .debug_macro   0x000000000000274d       0x10 MCAL/SYSTICK_DRIVER/STM32_F103C6_SYSTICK_Config.o
 .debug_macro   0x000000000000275d       0x10 MCAL/SYSTICK_DRIVER/STM32_F103C6_SYSTICK_Config.o
 .debug_macro   0x000000000000276d      0x152 MCAL/SYSTICK_DRIVER/STM32_F103C6_SYSTICK_DRIVER.o
 .debug_macro   0x00000000000028bf       0x22 MCAL/SYSTICK_DRIVER/STM32_F103C6_SYSTICK_DRIVER.o
 .debug_macro   0x00000000000028e1      0x14e MCAL/TIMER_DRIVER/Timer.o
 .debug_macro   0x0000000000002a2f       0x3a MCAL/TIMER_DRIVER/Timer.o
 .debug_macro   0x0000000000002a69      0x157 MCAL/USART_DRIVER/STM32_F103C6_USART_Driver.o
 .debug_macro   0x0000000000002bc0      0x169 OS/KERNEL_programe.o
 .debug_macro   0x0000000000002d29       0x16 OS/KERNEL_programe.o
 .debug_macro   0x0000000000002d3f       0x10 OS/KERNEL_programe.o
 .debug_macro   0x0000000000002d4f      0x1b1 Src/main.o
 .debug_macro   0x0000000000002f00       0xf7 Src/main.o
 .debug_macro   0x0000000000002ff7       0x22 Src/main.o
 .debug_macro   0x0000000000003019       0x40 Src/main.o

.debug_line     0x0000000000000000     0x4352
 .debug_line    0x0000000000000000      0x571 HAL/PB/PB_config.o
 .debug_line    0x0000000000000571      0x594 HAL/PB/PB_program.o
 .debug_line    0x0000000000000b05      0x66a MCAL/GPIO/STM32_F103C6_GPIO_Driver.o
 .debug_line    0x000000000000116f      0x5a9 MCAL/RCC_DRIVER/STM32_F103C6_RCC_Driver.o
 .debug_line    0x0000000000001718      0x6d1 MCAL/SPI_DRIVER/STM32_F103C6_SPI_Driver.o
 .debug_line    0x0000000000001de9      0x5a8 MCAL/SYSTICK_DRIVER/STM32_F103C6_SYSTICK_Config.o
 .debug_line    0x0000000000002391      0x5e0 MCAL/SYSTICK_DRIVER/STM32_F103C6_SYSTICK_DRIVER.o
 .debug_line    0x0000000000002971      0x595 MCAL/TIMER_DRIVER/Timer.o
 .debug_line    0x0000000000002f06      0x6ac MCAL/USART_DRIVER/STM32_F103C6_USART_Driver.o
 .debug_line    0x00000000000035b2      0x603 OS/KERNEL_programe.o
 .debug_line    0x0000000000003bb5      0x719 Src/main.o
 .debug_line    0x00000000000042ce       0x84 Startup/startup_stm32f103c8tx.o

.debug_str      0x0000000000000000     0xb0b2
 .debug_str     0x0000000000000000     0x96f6 HAL/PB/PB_config.o
                                       0x994e (size before relaxing)
 .debug_str     0x00000000000096f6       0xaa HAL/PB/PB_program.o
                                       0x99eb (size before relaxing)
 .debug_str     0x00000000000097a0      0x17d MCAL/GPIO/STM32_F103C6_GPIO_Driver.o
                                       0x9b05 (size before relaxing)
 .debug_str     0x000000000000991d      0x104 MCAL/RCC_DRIVER/STM32_F103C6_RCC_Driver.o
                                       0x9a99 (size before relaxing)
 .debug_str     0x0000000000009a21      0x80d MCAL/SPI_DRIVER/STM32_F103C6_SPI_Driver.o
                                       0xa263 (size before relaxing)
 .debug_str     0x000000000000a22e      0x133 MCAL/SYSTICK_DRIVER/STM32_F103C6_SYSTICK_Config.o
                                       0x9618 (size before relaxing)
 .debug_str     0x000000000000a361      0x154 MCAL/SYSTICK_DRIVER/STM32_F103C6_SYSTICK_DRIVER.o
                                       0x96ea (size before relaxing)
 .debug_str     0x000000000000a4b5      0x204 MCAL/TIMER_DRIVER/Timer.o
                                       0x9b27 (size before relaxing)
 .debug_str     0x000000000000a6b9      0x7be MCAL/USART_DRIVER/STM32_F103C6_USART_Driver.o
                                       0xa259 (size before relaxing)
 .debug_str     0x000000000000ae77      0x108 OS/KERNEL_programe.o
                                       0x9778 (size before relaxing)
 .debug_str     0x000000000000af7f      0x102 Src/main.o
                                       0xac49 (size before relaxing)
 .debug_str     0x000000000000b081       0x31 Startup/startup_stm32f103c8tx.o
                                         0x63 (size before relaxing)

.comment        0x0000000000000000       0x7b
 .comment       0x0000000000000000       0x7b HAL/PB/PB_config.o
                                         0x7c (size before relaxing)
 .comment       0x000000000000007b       0x7c HAL/PB/PB_program.o
 .comment       0x000000000000007b       0x7c MCAL/GPIO/STM32_F103C6_GPIO_Driver.o
 .comment       0x000000000000007b       0x7c MCAL/RCC_DRIVER/STM32_F103C6_RCC_Driver.o
 .comment       0x000000000000007b       0x7c MCAL/SPI_DRIVER/STM32_F103C6_SPI_Driver.o
 .comment       0x000000000000007b       0x7c MCAL/SYSTICK_DRIVER/STM32_F103C6_SYSTICK_Config.o
 .comment       0x000000000000007b       0x7c MCAL/SYSTICK_DRIVER/STM32_F103C6_SYSTICK_DRIVER.o
 .comment       0x000000000000007b       0x7c MCAL/TIMER_DRIVER/Timer.o
 .comment       0x000000000000007b       0x7c MCAL/USART_DRIVER/STM32_F103C6_USART_Driver.o
 .comment       0x000000000000007b       0x7c OS/KERNEL_programe.o
 .comment       0x000000000000007b       0x7c Src/main.o

.debug_loc      0x0000000000000000      0xf56
 .debug_loc     0x0000000000000000       0xa0 HAL/PB/PB_program.o
 .debug_loc     0x00000000000000a0      0x330 MCAL/GPIO/STM32_F103C6_GPIO_Driver.o
 .debug_loc     0x00000000000003d0       0xc8 MCAL/RCC_DRIVER/STM32_F103C6_RCC_Driver.o
 .debug_loc     0x0000000000000498      0x2bc MCAL/SPI_DRIVER/STM32_F103C6_SPI_Driver.o
 .debug_loc     0x0000000000000754      0x16c MCAL/SYSTICK_DRIVER/STM32_F103C6_SYSTICK_DRIVER.o
 .debug_loc     0x00000000000008c0       0xf0 MCAL/TIMER_DRIVER/Timer.o
 .debug_loc     0x00000000000009b0      0x294 MCAL/USART_DRIVER/STM32_F103C6_USART_Driver.o
 .debug_loc     0x0000000000000c44      0x1ec OS/KERNEL_programe.o
 .debug_loc     0x0000000000000e30      0x126 Src/main.o

.debug_ranges   0x0000000000000000      0x200
 .debug_ranges  0x0000000000000000       0x18 HAL/PB/PB_program.o
 .debug_ranges  0x0000000000000018       0x50 MCAL/GPIO/STM32_F103C6_GPIO_Driver.o
 .debug_ranges  0x0000000000000068       0x28 MCAL/RCC_DRIVER/STM32_F103C6_RCC_Driver.o
 .debug_ranges  0x0000000000000090       0x48 MCAL/SPI_DRIVER/STM32_F103C6_SPI_Driver.o
 .debug_ranges  0x00000000000000d8       0x30 MCAL/SYSTICK_DRIVER/STM32_F103C6_SYSTICK_DRIVER.o
 .debug_ranges  0x0000000000000108       0x20 MCAL/TIMER_DRIVER/Timer.o
 .debug_ranges  0x0000000000000128       0x50 MCAL/USART_DRIVER/STM32_F103C6_USART_Driver.o
 .debug_ranges  0x0000000000000178       0x38 OS/KERNEL_programe.o
 .debug_ranges  0x00000000000001b0       0x30 Src/main.o
 .debug_ranges  0x00000000000001e0       0x20 Startup/startup_stm32f103c8tx.o

.debug_frame    0x0000000000000000      0x7e8
 .debug_frame   0x0000000000000000       0x58 HAL/PB/PB_program.o
 .debug_frame   0x0000000000000058      0x178 MCAL/GPIO/STM32_F103C6_GPIO_Driver.o
 .debug_frame   0x00000000000001d0       0x84 MCAL/RCC_DRIVER/STM32_F103C6_RCC_Driver.o
 .debug_frame   0x0000000000000254      0x148 MCAL/SPI_DRIVER/STM32_F103C6_SPI_Driver.o
 .debug_frame   0x000000000000039c       0xbc MCAL/SYSTICK_DRIVER/STM32_F103C6_SYSTICK_DRIVER.o
 .debug_frame   0x0000000000000458       0x7c MCAL/TIMER_DRIVER/Timer.o
 .debug_frame   0x00000000000004d4      0x14c MCAL/USART_DRIVER/STM32_F103C6_USART_Driver.o
 .debug_frame   0x0000000000000620       0xf0 OS/KERNEL_programe.o
 .debug_frame   0x0000000000000710       0xac Src/main.o
 .debug_frame   0x00000000000007bc       0x2c c:/st/stm32cubeide_1.4.0/stm32cubeide/plugins/com.st.stm32cube.ide.mcu.externaltools.gnu-tools-for-stm32.7-2018-q2-update.win32_1.4.0.202007081208/tools/bin/../lib/gcc/arm-none-eabi/7.3.1/../../../../arm-none-eabi/lib/thumb/v7-m\libc_nano.a(lib_a-init.o)
